Archive member included to satisfy reference by file (symbol)

../Middlewares/ST/STemWin/Lib\STemWin_CM7_wc32_ot_ARGB.a(GUICC_M1555I.o)
                              STemWin\Target\STemwin_wrapper.o (GUICC_M1555I_SetCustColorConv)
../Middlewares/ST/STemWin/Lib\STemWin_CM7_wc32_ot_ARGB.a(GUICC_M4444I.o)
                              STemWin\Target\STemwin_wrapper.o (GUICC_M4444I_SetCustColorConv)
../Middlewares/ST/STemWin/Lib\STemWin_CM7_wc32_ot_ARGB.a(GUICC_M8888I.o)
                              STemWin\Target\STemwin_wrapper.o (GUICC_M8888I_SetCustColorConv)
../Middlewares/ST/STemWin/Lib\STemWin_CM7_wc32_ot_ARGB.a(GUICC_888.o)
                              STemWin\Target\STemwin_wrapper.o (LCD_API_ColorConv_888)
../Middlewares/ST/STemWin/Lib\STemWin_CM7_wc32_ot_ARGB.a(GUICC_8888.o)
                              STemWin\Target\STemwin_wrapper.o (LCD_API_ColorConv_8888)
../Middlewares/ST/STemWin/Lib\STemWin_CM7_wc32_ot_ARGB.a(GUICC_8888_Index2Color.o)
                              ../Middlewares/ST/STemWin/Lib\STemWin_CM7_wc32_ot_ARGB.a(GUICC_8888.o) (LCD_Index2Color_8888)
../Middlewares/ST/STemWin/Lib\STemWin_CM7_wc32_ot_ARGB.a(GUICC_888_Index2Color.o)
                              ../Middlewares/ST/STemWin/Lib\STemWin_CM7_wc32_ot_ARGB.a(GUICC_888.o) (LCD_Index2Color_888)
../Middlewares/ST/STemWin/Lib\STemWin_CM7_wc32_ot_ARGB.a(GUICC_M565.o)
                              STemWin\Target\STemwin_wrapper.o (GUICC_M565_SetCustColorConv)
../Middlewares/ST/STemWin/Lib\STemWin_CM7_wc32_ot_ARGB.a(GUICC_M888.o)
                              STemWin\Target\STemwin_wrapper.o (GUICC_M888_SetCustColorConv)
../Middlewares/ST/STemWin/Lib\STemWin_CM7_wc32_ot_ARGB.a(GUICC_M8888.o)
                              STemWin\Target\STemwin_wrapper.o (LCD_API_ColorConv_M8888)
../Middlewares/ST/STemWin/Lib\STemWin_CM7_wc32_ot_ARGB.a(GUICC_M8888I_Index2Color.o)
                              ../Middlewares/ST/STemWin/Lib\STemWin_CM7_wc32_ot_ARGB.a(GUICC_M8888I.o) (LCD_Index2Color_M8888I)
../Middlewares/ST/STemWin/Lib\STemWin_CM7_wc32_ot_ARGB.a(GUICC_M888_Index2Color.o)
                              ../Middlewares/ST/STemWin/Lib\STemWin_CM7_wc32_ot_ARGB.a(GUICC_M888.o) (LCD_Index2Color_M888)
../Middlewares/ST/STemWin/Lib\STemWin_CM7_wc32_ot_ARGB.a(GUI_Alloc.o)
                              STemWin\V544\png\GUI_PNG.o (GUI_ALLOC_p2h)
../Middlewares/ST/STemWin/Lib\STemWin_CM7_wc32_ot_ARGB.a(GUI_Common.o)
                              STemWin\Target\STemwin_wrapper.o (GUI_GetDrawMode)
../Middlewares/ST/STemWin/Lib\STemWin_CM7_wc32_ot_ARGB.a(GUI_Core.o)
                              ../Middlewares/ST/STemWin/Lib\STemWin_CM7_wc32_ot_ARGB.a(GUI_Common.o) (GUI_pfExecAnimations)
../Middlewares/ST/STemWin/Lib\STemWin_CM7_wc32_ot_ARGB.a(GUI_Device.o)
                              STemWin\Target\STemwin_wrapper.o (GUI_DEVICE_CreateAndLink)
../Middlewares/ST/STemWin/Lib\STemWin_CM7_wc32_ot_ARGB.a(GUI_DispString.o)
                              ../Middlewares/ST/STemWin/Lib\STemWin_CM7_wc32_ot_ARGB.a(GUI_Common.o) (GUI_DispString)
../Middlewares/ST/STemWin/Lib\STemWin_CM7_wc32_ot_ARGB.a(GUI_DispStringInRectEx.o)
                              ../Middlewares/ST/STemWin/Lib\STemWin_CM7_wc32_ot_ARGB.a(GUI_DispString.o) (GUI_DispStringInRectEx)
../Middlewares/ST/STemWin/Lib\STemWin_CM7_wc32_ot_ARGB.a(GUI_MULTIBUF.o)
                              STemWin\Target\STemwin_wrapper.o (GUI_MULTIBUF_ConfirmEx)
../Middlewares/ST/STemWin/Lib\STemWin_CM7_wc32_ot_ARGB.a(GUI_OnKey.o)
                              ../Middlewares/ST/STemWin/Lib\STemWin_CM7_wc32_ot_ARGB.a(GUI_Common.o) (GUI_GetKey)
../Middlewares/ST/STemWin/Lib\STemWin_CM7_wc32_ot_ARGB.a(GUI_SelectLayer.o)
                              STemWin\Target\STemwin_wrapper.o (GUI_GetLayerPosEx)
../Middlewares/ST/STemWin/Lib\STemWin_CM7_wc32_ot_ARGB.a(GUI_Time.o)
                              STemWin\App\GUI_App.o (GUI_Delay)
../Middlewares/ST/STemWin/Lib\STemWin_CM7_wc32_ot_ARGB.a(GUI_UC.o)
                              ../Middlewares/ST/STemWin/Lib\STemWin_CM7_wc32_ot_ARGB.a(GUI_DispString.o) (GUI_UC__GetCharCodeInc)
../Middlewares/ST/STemWin/Lib\STemWin_CM7_wc32_ot_ARGB.a(GUI_UC_EncodeNone.o)
                              ../Middlewares/ST/STemWin/Lib\STemWin_CM7_wc32_ot_ARGB.a(GUI_Core.o) (GUI_UC_None)
../Middlewares/ST/STemWin/Lib\STemWin_CM7_wc32_ot_ARGB.a(GUI_WaitEvent.o)
                              ../Middlewares/ST/STemWin/Lib\STemWin_CM7_wc32_ot_ARGB.a(GUI_OnKey.o) (GUI_SignalEvent)
../Middlewares/ST/STemWin/Lib\STemWin_CM7_wc32_ot_ARGB.a(GUI__Alpha.o)
                              STemWin\Target\STemwin_wrapper.o (GUI_SetFuncDrawAlpha)
../Middlewares/ST/STemWin/Lib\STemWin_CM7_wc32_ot_ARGB.a(GUI__CompactPixelIndices.o)
                              STemWin\V544\png\GUI_PNG.o (GUI__CompactPixelIndices)
../Middlewares/ST/STemWin/Lib\STemWin_CM7_wc32_ot_ARGB.a(GUI__DivTbl.o)
[...]
Memory Configuration

Name             Origin             Length             Attributes
RAM              0x20000000         0x00080000         xrw
FLASH            0x08000000         0x00100000         xr
*default*        0x00000000         0xffffffff

Linker script and memory map

LOAD c:/program files (x86)/atollic/truestudio for stm32 9.3.0/armtools/bin/../lib/gcc/arm-atollic-eabi/6.3.1/armv7e-m/fpu/fpv5-d16/crti.o
LOAD c:/program files (x86)/atollic/truestudio for stm32 9.3.0/armtools/bin/../lib/gcc/arm-atollic-eabi/6.3.1/armv7e-m/fpu/fpv5-d16/crtbegin.o
LOAD Core\Src\main.o
LOAD Core\Src\stm32f7xx_hal_msp.o
LOAD Core\Src\stm32f7xx_it.o
LOAD Core\Src\syscalls.o
LOAD Core\Src\system_stm32f7xx.o
LOAD Drivers\STM32F7xx_HAL_Driver\Src\stm32f7xx_hal.o
LOAD Drivers\STM32F7xx_HAL_Driver\Src\stm32f7xx_hal_adc.o
LOAD Drivers\STM32F7xx_HAL_Driver\Src\stm32f7xx_hal_adc_ex.o
LOAD Drivers\STM32F7xx_HAL_Driver\Src\stm32f7xx_hal_cortex.o
LOAD Drivers\STM32F7xx_HAL_Driver\Src\stm32f7xx_hal_crc.o
LOAD Drivers\STM32F7xx_HAL_Driver\Src\stm32f7xx_hal_crc_ex.o
LOAD Drivers\STM32F7xx_HAL_Driver\Src\stm32f7xx_hal_dma.o
LOAD Drivers\STM32F7xx_HAL_Driver\Src\stm32f7xx_hal_dma2d.o
LOAD Drivers\STM32F7xx_HAL_Driver\Src\stm32f7xx_hal_dma_ex.o
LOAD Drivers\STM32F7xx_HAL_Driver\Src\stm32f7xx_hal_dsi.o
LOAD Drivers\STM32F7xx_HAL_Driver\Src\stm32f7xx_hal_exti.o
LOAD Drivers\STM32F7xx_HAL_Driver\Src\stm32f7xx_hal_flash.o
LOAD Drivers\STM32F7xx_HAL_Driver\Src\stm32f7xx_hal_flash_ex.o
LOAD Drivers\STM32F7xx_HAL_Driver\Src\stm32f7xx_hal_gpio.o
LOAD Drivers\STM32F7xx_HAL_Driver\Src\stm32f7xx_hal_i2c.o
LOAD Drivers\STM32F7xx_HAL_Driver\Src\stm32f7xx_hal_i2c_ex.o
LOAD Drivers\STM32F7xx_HAL_Driver\Src\stm32f7xx_hal_iwdg.o
LOAD Drivers\STM32F7xx_HAL_Driver\Src\stm32f7xx_hal_ltdc.o
LOAD Drivers\STM32F7xx_HAL_Driver\Src\stm32f7xx_hal_ltdc_ex.o
LOAD Drivers\STM32F7xx_HAL_Driver\Src\stm32f7xx_hal_pwr.o
LOAD Drivers\STM32F7xx_HAL_Driver\Src\stm32f7xx_hal_pwr_ex.o
LOAD Drivers\STM32F7xx_HAL_Driver\Src\stm32f7xx_hal_rcc.o
LOAD Drivers\STM32F7xx_HAL_Driver\Src\stm32f7xx_hal_rcc_ex.o
LOAD Drivers\STM32F7xx_HAL_Driver\Src\stm32f7xx_hal_rng.o
LOAD Drivers\STM32F7xx_HAL_Driver\Src\stm32f7xx_hal_rtc.o
LOAD Drivers\STM32F7xx_HAL_Driver\Src\stm32f7xx_hal_rtc_ex.o
LOAD Drivers\STM32F7xx_HAL_Driver\Src\stm32f7xx_hal_sd.o
LOAD Drivers\STM32F7xx_HAL_Driver\Src\stm32f7xx_hal_sdram.o
LOAD Drivers\STM32F7xx_HAL_Driver\Src\stm32f7xx_hal_spi.o
LOAD Drivers\STM32F7xx_HAL_Driver\Src\stm32f7xx_hal_spi_ex.o
LOAD Drivers\STM32F7xx_HAL_Driver\Src\stm32f7xx_hal_tim.o
LOAD Drivers\STM32F7xx_HAL_Driver\Src\stm32f7xx_hal_tim_ex.o
LOAD Drivers\STM32F7xx_HAL_Driver\Src\stm32f7xx_hal_uart.o
LOAD Drivers\STM32F7xx_HAL_Driver\Src\stm32f7xx_hal_uart_ex.o
LOAD Drivers\STM32F7xx_HAL_Driver\Src\stm32f7xx_ll_fmc.o
LOAD Drivers\STM32F7xx_HAL_Driver\Src\stm32f7xx_ll_sdmmc.o
LOAD FATFS\App\fatfs.o
LOAD FATFS\Target\bsp_driver_sd.o
LOAD FATFS\Target\fatfs_platform.o
LOAD FATFS\Target\sd_diskio.o
LOAD FATFS\Target\user_diskio.o
LOAD LIBJPEG\App\libjpeg.o
LOAD LIBJPEG\Target\jdata_conf.o
LOAD Middlewares\ST\STemWin\OS\GUI_X.o
LOAD Middlewares\ST\STemWin\Software\WindowDLG.o
LOAD Middlewares\Third_Party\FatFs\src\diskio.o
LOAD Middlewares\Third_Party\FatFs\src\ff.o
LOAD Middlewares\Third_Party\FatFs\src\ff_gen_drv.o
LOAD Middlewares\Third_Party\FatFs\src\option\ccsbcs.o
LOAD Middlewares\Third_Party\FatFs\src\option\syscall.o
LOAD Middlewares\Third_Party\LibJPEG\source\jaricom.o
LOAD Middlewares\Third_Party\LibJPEG\source\jcapimin.o
LOAD Middlewares\Third_Party\LibJPEG\source\jcapistd.o
LOAD Middlewares\Third_Party\LibJPEG\source\jcarith.o
LOAD Middlewares\Third_Party\LibJPEG\source\jccoefct.o
LOAD Middlewares\Third_Party\LibJPEG\source\jccolor.o
LOAD Middlewares\Third_Party\LibJPEG\source\jcdctmgr.o
LOAD Middlewares\Third_Party\LibJPEG\source\jchuff.o
LOAD Middlewares\Third_Party\LibJPEG\source\jcinit.o
LOAD Middlewares\Third_Party\LibJPEG\source\jcmainct.o
LOAD Middlewares\Third_Party\LibJPEG\source\jcmarker.o
LOAD Middlewares\Third_Party\LibJPEG\source\jcmaster.o
LOAD Middlewares\Third_Party\LibJPEG\source\jcomapi.o
LOAD Middlewares\Third_Party\LibJPEG\source\jcparam.o
LOAD Middlewares\Third_Party\LibJPEG\source\jcprepct.o
LOAD Middlewares\Third_Party\LibJPEG\source\jcsample.o
LOAD Middlewares\Third_Party\LibJPEG\source\jctrans.o
LOAD Middlewares\Third_Party\LibJPEG\source\jdapimin.o
LOAD Middlewares\Third_Party\LibJPEG\source\jdapistd.o
LOAD Middlewares\Third_Party\LibJPEG\source\jdarith.o
LOAD Middlewares\Third_Party\LibJPEG\source\jdatadst.o
LOAD Middlewares\Third_Party\LibJPEG\source\jdatasrc.o
LOAD Middlewares\Third_Party\LibJPEG\source\jdcoefct.o
LOAD Middlewares\Third_Party\LibJPEG\source\jdcolor.o
LOAD Middlewares\Third_Party\LibJPEG\source\jddctmgr.o
LOAD Middlewares\Third_Party\LibJPEG\source\jdhuff.o
LOAD Middlewares\Third_Party\LibJPEG\source\jdinput.o
LOAD Middlewares\Third_Party\LibJPEG\source\jdmainct.o
LOAD Middlewares\Third_Party\LibJPEG\source\jdmarker.o
LOAD Middlewares\Third_Party\LibJPEG\source\jdmaster.o
LOAD Middlewares\Third_Party\LibJPEG\source\jdmerge.o
LOAD Middlewares\Third_Party\LibJPEG\source\jdpostct.o
LOAD Middlewares\Third_Party\LibJPEG\source\jdsample.o
LOAD Middlewares\Third_Party\LibJPEG\source\jdtrans.o
LOAD Middlewares\Third_Party\LibJPEG\source\jerror.o
LOAD Middlewares\Third_Party\LibJPEG\source\jfdctflt.o
LOAD Middlewares\Third_Party\LibJPEG\source\jfdctfst.o
LOAD Middlewares\Third_Party\LibJPEG\source\jfdctint.o
LOAD Middlewares\Third_Party\LibJPEG\source\jidctflt.o
LOAD Middlewares\Third_Party\LibJPEG\source\jidctfst.o
LOAD Middlewares\Third_Party\LibJPEG\source\jidctint.o
LOAD Middlewares\Third_Party\LibJPEG\source\jmemmgr.o
LOAD Middlewares\Third_Party\LibJPEG\source\jmemnobs.o
LOAD Middlewares\Third_Party\LibJPEG\source\jquant1.o
LOAD Middlewares\Third_Party\LibJPEG\source\jquant2.o
LOAD Middlewares\Third_Party\LibJPEG\source\jutils.o
LOAD STemWin\App\GUI_App.o
LOAD STemWin\Target\GUIConf.o
LOAD STemWin\Target\HW_Init.o
LOAD STemWin\Target\STemwin_wrapper.o
LOAD STemWin\V544\png\GUI_PNG.o
LOAD STemWin\V544\png\IMAGE_PNG.o
LOAD STemWin\V544\png\adler32.o
LOAD STemWin\V544\png\compress.o
LOAD STemWin\V544\png\crc32.o
LOAD STemWin\V544\png\deflate.o
LOAD STemWin\V544\png\infback.o
LOAD STemWin\V544\png\inffast.o
LOAD STemWin\V544\png\inflate.o
LOAD STemWin\V544\png\inftrees.o
LOAD STemWin\V544\png\png.o
LOAD STemWin\V544\png\pngerror.o
LOAD STemWin\V544\png\pngget.o
LOAD STemWin\V544\png\pngmem.o
LOAD STemWin\V544\png\pngpread.o
LOAD STemWin\V544\png\pngread.o
LOAD STemWin\V544\png\pngrio.o
LOAD STemWin\V544\png\pngrtran.o
LOAD STemWin\V544\png\pngrutil.o
LOAD STemWin\V544\png\pngset.o
LOAD STemWin\V544\png\pngtrans.o
LOAD STemWin\V544\png\pngwio.o
LOAD STemWin\V544\png\pngwrite.o
LOAD STemWin\V544\png\pngwtran.o
LOAD STemWin\V544\png\pngwutil.o
LOAD STemWin\V544\png\trees.o
LOAD STemWin\V544\png\uncompr.o
LOAD STemWin\V544\png\zutil.o
LOAD startup\startup_stm32f767xx.o
LOAD ../Middlewares/ST/STemWin/Lib\STemWin_CM7_wc32_ot_ARGB.a
                0x00000080                malloc_getpagesize_P = 0x80
START GROUP
LOAD c:/program files (x86)/atollic/truestudio for stm32 9.3.0/armtools/bin/../lib/gcc/arm-atollic-eabi/6.3.1/../../../../arm-atollic-eabi/lib/armv7e-m/fpu/fpv5-d16\libc_nano.a
LOAD c:/program files (x86)/atollic/truestudio for stm32 9.3.0/armtools/bin/../lib/gcc/arm-atollic-eabi/6.3.1/../../../../arm-atollic-eabi/lib/armv7e-m/fpu/fpv5-d16\libm.a
END GROUP
START GROUP
LOAD c:/program files (x86)/atollic/truestudio for stm32 9.3.0/armtools/bin/../lib/gcc/arm-atollic-eabi/6.3.1/armv7e-m/fpu/fpv5-d16\libgcc.a
LOAD c:/program files (x86)/atollic/truestudio for stm32 9.3.0/armtools/bin/../lib/gcc/arm-atollic-eabi/6.3.1/../../../../arm-atollic-eabi/lib/armv7e-m/fpu/fpv5-d16\libc_nano.a
END GROUP
START GROUP
LOAD c:/program files (x86)/atollic/truestudio for stm32 9.3.0/armtools/bin/../lib/gcc/arm-atollic-eabi/6.3.1/armv7e-m/fpu/fpv5-d16\libgcc.a
LOAD c:/program files (x86)/atollic/truestudio for stm32 9.3.0/armtools/bin/../lib/gcc/arm-atollic-eabi/6.3.1/../../../../arm-atollic-eabi/lib/armv7e-m/fpu/fpv5-d16\libc_nano.a
LOAD c:/program files (x86)/atollic/truestudio for stm32 9.3.0/armtools/bin/../lib/gcc/arm-atollic-eabi/6.3.1/../../../../arm-atollic-eabi/lib/armv7e-m/fpu/fpv5-d16\libnosys.a
END GROUP
START GROUP
LOAD c:/program files (x86)/atollic/truestudio for stm32 9.3.0/armtools/bin/../lib/gcc/arm-atollic-eabi/6.3.1/armv7e-m/fpu/fpv5-d16\libgcc.a
LOAD c:/program files (x86)/atollic/truestudio for stm32 9.3.0/armtools/bin/../lib/gcc/arm-atollic-eabi/6.3.1/../../../../arm-atollic-eabi/lib/armv7e-m/fpu/fpv5-d16\libc_nano.a
LOAD c:/program files (x86)/atollic/truestudio for stm32 9.3.0/armtools/bin/../lib/gcc/arm-atollic-eabi/6.3.1/../../../../arm-atollic-eabi/lib/armv7e-m/fpu/fpv5-d16\libnosys.a
END GROUP
LOAD c:/program files (x86)/atollic/truestudio for stm32 9.3.0/armtools/bin/../lib/gcc/arm-atollic-eabi/6.3.1/armv7e-m/fpu/fpv5-d16/crtend.o
LOAD c:/program files (x86)/atollic/truestudio for stm32 9.3.0/armtools/bin/../lib/gcc/arm-atollic-eabi/6.3.1/armv7e-m/fpu/fpv5-d16/crtn.o
                0x20080000                _estack = 0x20080000
                0x00000200                _Min_Heap_Size = 0x200
                0x00000400                _Min_Stack_Size = 0x400

.isr_vector     0x08000000      0x1f8
                0x08000000                . = ALIGN (0x4)
 *(.isr_vector)
 .isr_vector    0x08000000      0x1f8 startup\startup_stm32f767xx.o
                0x08000000                g_pfnVectors
                0x080001f8                . = ALIGN (0x4)

.text           0x080001f8    0x12438
                0x080001f8                . = ALIGN (0x4)
 *(.text)
 .text          0x080001f8       0x40 c:/program files (x86)/atollic/truestudio for stm32 9.3.0/armtools/bin/../lib/gcc/arm-atollic-eabi/6.3.1/armv7e-m/fpu/fpv5-d16/crtbegin.o
 .text          0x08000238       0x30 c:/program files (x86)/atollic/truestudio for stm32 9.3.0/armtools/bin/../lib/gcc/arm-atollic-eabi/6.3.1/armv7e-m/fpu/fpv5-d16\libgcc.a(_aeabi_uldivmod.o)
                0x08000238                __aeabi_uldivmod
 .text          0x08000268      0x2dc c:/program files (x86)/atollic/truestudio for stm32 9.3.0/armtools/bin/../lib/gcc/arm-atollic-eabi/6.3.1/armv7e-m/fpu/fpv5-d16\libgcc.a(_udivmoddi4.o)
                0x08000268                __udivmoddi4
 .text          0x08000544        0x4 c:/program files (x86)/atollic/truestudio for stm32 9.3.0/armtools/bin/../lib/gcc/arm-atollic-eabi/6.3.1/armv7e-m/fpu/fpv5-d16\libgcc.a(_dvmd_tls.o)
                0x08000544                __aeabi_idiv0
                0x08000544                __aeabi_ldiv0
 *(.text*)
 .text.SystemClock_Config
                0x08000548       0xe4 Core\Src\main.o
                0x08000548                SystemClock_Config
 .text.startup.main
                0x0800062c      0x750 Core\Src\main.o
                0x0800062c                main
 .text.Error_Handler
                0x08000d7c        0x2 Core\Src\main.o
                0x08000d7c                Error_Handler
 *fill*         0x08000d7e        0x2 
 .text.HAL_MspInit
                0x08000d80       0x30 Core\Src\stm32f7xx_hal_msp.o
                0x08000d80                HAL_MspInit
 .text.HAL_ADC_MspInit
                0x08000db0       0x5c Core\Src\stm32f7xx_hal_msp.o
                0x08000db0                HAL_ADC_MspInit
 .text.HAL_CRC_MspInit
                0x08000e0c       0x2c Core\Src\stm32f7xx_hal_msp.o
                0x08000e0c                HAL_CRC_MspInit
 .text.HAL_I2C_MspInit
                0x08000e38       0xc0 Core\Src\stm32f7xx_hal_msp.o
                0x08000e38                HAL_I2C_MspInit
 .text.HAL_RNG_MspInit
                0x08000ef8       0x2c Core\Src\stm32f7xx_hal_msp.o
                0x08000ef8                HAL_RNG_MspInit
 .text.HAL_RTC_MspInit
                0x08000f24       0x1c Core\Src\stm32f7xx_hal_msp.o
                0x08000f24                HAL_RTC_MspInit
 .text.HAL_SD_MspInit
                0x08000f40      0x104 Core\Src\stm32f7xx_hal_msp.o
                0x08000f40                HAL_SD_MspInit
 .text.HAL_SPI_MspInit
                0x08001044      0x190 Core\Src\stm32f7xx_hal_msp.o
                0x08001044                HAL_SPI_MspInit
 .text.HAL_TIM_Base_MspInit
                0x080011d4       0xec Core\Src\stm32f7xx_hal_msp.o
                0x080011d4                HAL_TIM_Base_MspInit
 .text.HAL_TIM_MspPostInit
                0x080012c0       0x84 Core\Src\stm32f7xx_hal_msp.o
                0x080012c0                HAL_TIM_MspPostInit
 .text.HAL_UART_MspInit
                0x08001344      0x12c Core\Src\stm32f7xx_hal_msp.o
                0x08001344                HAL_UART_MspInit
 .text.NMI_Handler
                0x08001470        0x2 Core\Src\stm32f7xx_it.o
                0x08001470                NMI_Handler
 .text.HardFault_Handler
                0x08001472        0x2 Core\Src\stm32f7xx_it.o
                0x08001472                HardFault_Handler
 .text.MemManage_Handler
                0x08001474        0x2 Core\Src\stm32f7xx_it.o
                0x08001474                MemManage_Handler
 .text.BusFault_Handler
                0x08001476        0x2 Core\Src\stm32f7xx_it.o
                0x08001476                BusFault_Handler
 .text.UsageFault_Handler
                0x08001478        0x2 Core\Src\stm32f7xx_it.o
                0x08001478                UsageFault_Handler
 .text.SVC_Handler
                0x0800147a        0x2 Core\Src\stm32f7xx_it.o
                0x0800147a                SVC_Handler
 .text.DebugMon_Handler
                0x0800147c        0x2 Core\Src\stm32f7xx_it.o
                0x0800147c                DebugMon_Handler
 .text.PendSV_Handler
                0x0800147e        0x2 Core\Src\stm32f7xx_it.o
                0x0800147e                PendSV_Handler
 .text.SysTick_Handler
                0x08001480        0xe Core\Src\stm32f7xx_it.o
                0x08001480                SysTick_Handler
 *fill*         0x0800148e        0x2 
 .text.TIM1_UP_TIM10_IRQHandler
                0x08001490        0xc Core\Src\stm32f7xx_it.o
                0x08001490                TIM1_UP_TIM10_IRQHandler
 .text.TIM1_TRG_COM_TIM11_IRQHandler
                0x0800149c        0xc Core\Src\stm32f7xx_it.o
                0x0800149c                TIM1_TRG_COM_TIM11_IRQHandler
 .text.TIM3_IRQHandler
                0x080014a8        0xc Core\Src\stm32f7xx_it.o
                0x080014a8                TIM3_IRQHandler
 .text.USART1_IRQHandler
                0x080014b4        0xc Core\Src\stm32f7xx_it.o
                0x080014b4                USART1_IRQHandler
 .text.USART2_IRQHandler
                0x080014c0        0xc Core\Src\stm32f7xx_it.o
                0x080014c0                USART2_IRQHandler
 .text.USART3_IRQHandler
                0x080014cc        0xc Core\Src\stm32f7xx_it.o
                0x080014cc                USART3_IRQHandler
 .text.SDMMC1_IRQHandler
                0x080014d8        0xc Core\Src\stm32f7xx_it.o
                0x080014d8                SDMMC1_IRQHandler
 .text.TIM5_IRQHandler
                0x080014e4        0xc Core\Src\stm32f7xx_it.o
                0x080014e4                TIM5_IRQHandler
 .text.TIM7_IRQHandler
                0x080014f0        0xc Core\Src\stm32f7xx_it.o
                0x080014f0                TIM7_IRQHandler
 .text.DMA2_Stream3_IRQHandler
                0x080014fc        0xc Core\Src\stm32f7xx_it.o
                0x080014fc                DMA2_Stream3_IRQHandler
 .text.LTDC_IRQHandler
                0x08001508        0xc Core\Src\stm32f7xx_it.o
                0x08001508                LTDC_IRQHandler
 .text.DMA2D_IRQHandler
                0x08001514        0xc Core\Src\stm32f7xx_it.o
                0x08001514                DMA2D_IRQHandler
 .text.SystemInit
                0x08001520       0x4c Core\Src\system_stm32f7xx.o
                0x08001520                SystemInit
 .text.HAL_InitTick
                0x0800156c       0x48 Drivers\STM32F7xx_HAL_Driver\Src\stm32f7xx_hal.o
                0x0800156c                HAL_InitTick
 .text.HAL_Init
                0x080015b4       0x16 Drivers\STM32F7xx_HAL_Driver\Src\stm32f7xx_hal.o
                0x080015b4                HAL_Init
 *fill*         0x080015ca        0x2 
 .text.HAL_IncTick
                0x080015cc       0x18 Drivers\STM32F7xx_HAL_Driver\Src\stm32f7xx_hal.o
                0x080015cc                HAL_IncTick
 .text.HAL_GetTick
                0x080015e4        0xc Drivers\STM32F7xx_HAL_Driver\Src\stm32f7xx_hal.o
                0x080015e4                HAL_GetTick
 .text.HAL_Delay
                0x080015f0       0x24 Drivers\STM32F7xx_HAL_Driver\Src\stm32f7xx_hal.o
                0x080015f0                HAL_Delay
 .text.HAL_ADC_Init
                0x08001614      0x14c Drivers\STM32F7xx_HAL_Driver\Src\stm32f7xx_hal_adc.o
                0x08001614                HAL_ADC_Init
 .text.HAL_ADC_ConfigChannel
                0x08001760      0x140 Drivers\STM32F7xx_HAL_Driver\Src\stm32f7xx_hal_adc.o
                0x08001760                HAL_ADC_ConfigChannel
 .text.HAL_NVIC_SetPriorityGrouping
                0x080018a0       0x24 Drivers\STM32F7xx_HAL_Driver\Src\stm32f7xx_hal_cortex.o
                0x080018a0                HAL_NVIC_SetPriorityGrouping
 .text.HAL_NVIC_SetPriority
                0x080018c4       0x70 Drivers\STM32F7xx_HAL_Driver\Src\stm32f7xx_hal_cortex.o
                0x080018c4                HAL_NVIC_SetPriority
 .text.HAL_NVIC_EnableIRQ
                0x08001934       0x1c Drivers\STM32F7xx_HAL_Driver\Src\stm32f7xx_hal_cortex.o
                0x08001934                HAL_NVIC_EnableIRQ
 .text.HAL_NVIC_DisableIRQ
                0x08001950       0x28 Drivers\STM32F7xx_HAL_Driver\Src\stm32f7xx_hal_cortex.o
                0x08001950                HAL_NVIC_DisableIRQ
 .text.HAL_SYSTICK_Config
                0x08001978       0x2c Drivers\STM32F7xx_HAL_Driver\Src\stm32f7xx_hal_cortex.o
                0x08001978                HAL_SYSTICK_Config
 .text.HAL_CRC_Init
                0x080019a4       0x74 Drivers\STM32F7xx_HAL_Driver\Src\stm32f7xx_hal_crc.o
                0x080019a4                HAL_CRC_Init
 .text.HAL_CRCEx_Polynomial_Set
                0x08001a18       0x44 Drivers\STM32F7xx_HAL_Driver\Src\stm32f7xx_hal_crc_ex.o
                0x08001a18                HAL_CRCEx_Polynomial_Set
 .text.DMA_CalcBaseAndBitshift
                0x08001a5c       0x2c Drivers\STM32F7xx_HAL_Driver\Src\stm32f7xx_hal_dma.o
 .text.HAL_DMA_Init
                0x08001a88       0xfc Drivers\STM32F7xx_HAL_Driver\Src\stm32f7xx_hal_dma.o
                0x08001a88                HAL_DMA_Init
 .text.HAL_DMA_Abort_IT
                0x08001b84       0x24 Drivers\STM32F7xx_HAL_Driver\Src\stm32f7xx_hal_dma.o
                0x08001b84                HAL_DMA_Abort_IT
 .text.HAL_DMA_IRQHandler
                0x08001ba8      0x174 Drivers\STM32F7xx_HAL_Driver\Src\stm32f7xx_hal_dma.o
                0x08001ba8                HAL_DMA_IRQHandler
 .text.HAL_DMA2D_Init
                0x08001d1c       0x6e Drivers\STM32F7xx_HAL_Driver\Src\stm32f7xx_hal_dma2d.o
                0x08001d1c                HAL_DMA2D_Init
 .text.HAL_DMA2D_LineEventCallback
                0x08001d8a        0x2 Drivers\STM32F7xx_HAL_Driver\Src\stm32f7xx_hal_dma2d.o
                0x08001d8a                HAL_DMA2D_LineEventCallback
 .text.HAL_DMA2D_CLUTLoadingCpltCallback
                0x08001d8c        0x2 Drivers\STM32F7xx_HAL_Driver\Src\stm32f7xx_hal_dma2d.o
                0x08001d8c                HAL_DMA2D_CLUTLoadingCpltCallback
 .text.HAL_DMA2D_IRQHandler
                0x08001d8e      0x114 Drivers\STM32F7xx_HAL_Driver\Src\stm32f7xx_hal_dma2d.o
                0x08001d8e                HAL_DMA2D_IRQHandler
 *fill*         0x08001ea2        0x2 
 .text.HAL_DMA2D_ConfigLayer
                0x08001ea4       0xa8 Drivers\STM32F7xx_HAL_Driver\Src\stm32f7xx_hal_dma2d.o
                0x08001ea4                HAL_DMA2D_ConfigLayer
 .text.HAL_GPIO_Init
                0x08001f4c      0x1d4 Drivers\STM32F7xx_HAL_Driver\Src\stm32f7xx_hal_gpio.o
                0x08001f4c                HAL_GPIO_Init
 .text.HAL_GPIO_DeInit
                0x08002120      0x134 Drivers\STM32F7xx_HAL_Driver\Src\stm32f7xx_hal_gpio.o
                0x08002120                HAL_GPIO_DeInit
 .text.HAL_GPIO_ReadPin
                0x08002254        0xc Drivers\STM32F7xx_HAL_Driver\Src\stm32f7xx_hal_gpio.o
                0x08002254                HAL_GPIO_ReadPin
 .text.HAL_GPIO_WritePin
                0x08002260        0xa Drivers\STM32F7xx_HAL_Driver\Src\stm32f7xx_hal_gpio.o
                0x08002260                HAL_GPIO_WritePin
 .text.HAL_I2C_Init
                0x0800226a       0xa2 Drivers\STM32F7xx_HAL_Driver\Src\stm32f7xx_hal_i2c.o
                0x0800226a                HAL_I2C_Init
 .text.HAL_I2CEx_ConfigAnalogFilter
                0x0800230c       0x4c Drivers\STM32F7xx_HAL_Driver\Src\stm32f7xx_hal_i2c_ex.o
                0x0800230c                HAL_I2CEx_ConfigAnalogFilter
 .text.HAL_I2CEx_ConfigDigitalFilter
                0x08002358       0x4a Drivers\STM32F7xx_HAL_Driver\Src\stm32f7xx_hal_i2c_ex.o
                0x08002358                HAL_I2CEx_ConfigDigitalFilter
 .text.HAL_IWDG_Init
                0x080023a2       0x4e Drivers\STM32F7xx_HAL_Driver\Src\stm32f7xx_hal_iwdg.o
                0x080023a2                HAL_IWDG_Init
 .text.LTDC_SetConfig
                0x080023f0      0x10c Drivers\STM32F7xx_HAL_Driver\Src\stm32f7xx_hal_ltdc.o
 .text.HAL_LTDC_Init
                0x080024fc       0xd8 Drivers\STM32F7xx_HAL_Driver\Src\stm32f7xx_hal_ltdc.o
                0x080024fc                HAL_LTDC_Init
 .text.HAL_LTDC_DeInit
                0x080025d4       0x18 Drivers\STM32F7xx_HAL_Driver\Src\stm32f7xx_hal_ltdc.o
                0x080025d4                HAL_LTDC_DeInit
 .text.HAL_LTDC_ErrorCallback
                0x080025ec        0x2 Drivers\STM32F7xx_HAL_Driver\Src\stm32f7xx_hal_ltdc.o
                0x080025ec                HAL_LTDC_ErrorCallback
 .text.HAL_LTDC_ReloadEventCallback
                0x080025ee        0x2 Drivers\STM32F7xx_HAL_Driver\Src\stm32f7xx_hal_ltdc.o
                0x080025ee                HAL_LTDC_ReloadEventCallback
 .text.HAL_LTDC_IRQHandler
                0x080025f0       0xba Drivers\STM32F7xx_HAL_Driver\Src\stm32f7xx_hal_ltdc.o
                0x080025f0                HAL_LTDC_IRQHandler
 .text.HAL_LTDC_ConfigLayer
                0x080026aa       0x52 Drivers\STM32F7xx_HAL_Driver\Src\stm32f7xx_hal_ltdc.o
                0x080026aa                HAL_LTDC_ConfigLayer
 .text.HAL_LTDC_ConfigColorKeying
                0x080026fc       0x3a Drivers\STM32F7xx_HAL_Driver\Src\stm32f7xx_hal_ltdc.o
                0x080026fc                HAL_LTDC_ConfigColorKeying
 .text.HAL_LTDC_ConfigCLUT
                0x08002736       0x76 Drivers\STM32F7xx_HAL_Driver\Src\stm32f7xx_hal_ltdc.o
                0x08002736                HAL_LTDC_ConfigCLUT
 .text.HAL_LTDC_EnableColorKeying
                0x080027ac       0x30 Drivers\STM32F7xx_HAL_Driver\Src\stm32f7xx_hal_ltdc.o
                0x080027ac                HAL_LTDC_EnableColorKeying
 .text.HAL_LTDC_DisableColorKeying
                0x080027dc       0x30 Drivers\STM32F7xx_HAL_Driver\Src\stm32f7xx_hal_ltdc.o
                0x080027dc                HAL_LTDC_DisableColorKeying
 .text.HAL_LTDC_SetWindowPosition
                0x0800280c       0x52 Drivers\STM32F7xx_HAL_Driver\Src\stm32f7xx_hal_ltdc.o
                0x0800280c                HAL_LTDC_SetWindowPosition
 .text.HAL_LTDC_SetAlpha
                0x0800285e       0x40 Drivers\STM32F7xx_HAL_Driver\Src\stm32f7xx_hal_ltdc.o
                0x0800285e                HAL_LTDC_SetAlpha
 .text.HAL_LTDC_SetAddress
                0x0800289e       0x40 Drivers\STM32F7xx_HAL_Driver\Src\stm32f7xx_hal_ltdc.o
                0x0800289e                HAL_LTDC_SetAddress
 *fill*         0x080028de        0x2 
 .text.HAL_LTDC_ProgramLineEvent
                0x080028e0       0x3c Drivers\STM32F7xx_HAL_Driver\Src\stm32f7xx_hal_ltdc.o
                0x080028e0                HAL_LTDC_ProgramLineEvent
 .text.HAL_PWR_EnableBkUpAccess
                0x0800291c       0x10 Drivers\STM32F7xx_HAL_Driver\Src\stm32f7xx_hal_pwr.o
                0x0800291c                HAL_PWR_EnableBkUpAccess
 .text.HAL_PWREx_EnableOverDrive
                0x0800292c       0x70 Drivers\STM32F7xx_HAL_Driver\Src\stm32f7xx_hal_pwr_ex.o
                0x0800292c                HAL_PWREx_EnableOverDrive
 .text.HAL_RCC_OscConfig
                0x0800299c      0x328 Drivers\STM32F7xx_HAL_Driver\Src\stm32f7xx_hal_rcc.o
                0x0800299c                HAL_RCC_OscConfig
 .text.HAL_RCC_GetSysClockFreq
                0x08002cc4       0x5c Drivers\STM32F7xx_HAL_Driver\Src\stm32f7xx_hal_rcc.o
                0x08002cc4                HAL_RCC_GetSysClockFreq
 .text.HAL_RCC_ClockConfig
                0x08002d20      0x13c Drivers\STM32F7xx_HAL_Driver\Src\stm32f7xx_hal_rcc.o
                0x08002d20                HAL_RCC_ClockConfig
 .text.HAL_RCC_GetPCLK1Freq
                0x08002e5c       0x20 Drivers\STM32F7xx_HAL_Driver\Src\stm32f7xx_hal_rcc.o
                0x08002e5c                HAL_RCC_GetPCLK1Freq
 .text.HAL_RCC_GetPCLK2Freq
                0x08002e7c       0x20 Drivers\STM32F7xx_HAL_Driver\Src\stm32f7xx_hal_rcc.o
                0x08002e7c                HAL_RCC_GetPCLK2Freq
 .text.HAL_RCCEx_PeriphCLKConfig
                0x08002e9c      0x55c Drivers\STM32F7xx_HAL_Driver\Src\stm32f7xx_hal_rcc_ex.o
                0x08002e9c                HAL_RCCEx_PeriphCLKConfig
 .text.HAL_RNG_Init
                0x080033f8       0x30 Drivers\STM32F7xx_HAL_Driver\Src\stm32f7xx_hal_rng.o
                0x080033f8                HAL_RNG_Init
 .text.HAL_RTC_WaitForSynchro
                0x08003428       0x30 Drivers\STM32F7xx_HAL_Driver\Src\stm32f7xx_hal_rtc.o
                0x08003428                HAL_RTC_WaitForSynchro
 .text.RTC_EnterInitMode
                0x08003458       0x34 Drivers\STM32F7xx_HAL_Driver\Src\stm32f7xx_hal_rtc.o
                0x08003458                RTC_EnterInitMode
 .text.HAL_RTC_Init
                0x0800348c       0x84 Drivers\STM32F7xx_HAL_Driver\Src\stm32f7xx_hal_rtc.o
                0x0800348c                HAL_RTC_Init
 .text.RTC_ByteToBcd2
                0x08003510       0x16 Drivers\STM32F7xx_HAL_Driver\Src\stm32f7xx_hal_rtc.o
                0x08003510                RTC_ByteToBcd2
 .text.HAL_RTC_SetTime
                0x08003526       0xdc Drivers\STM32F7xx_HAL_Driver\Src\stm32f7xx_hal_rtc.o
                0x08003526                HAL_RTC_SetTime
 .text.HAL_RTC_SetDate
                0x08003602       0xbe Drivers\STM32F7xx_HAL_Driver\Src\stm32f7xx_hal_rtc.o
                0x08003602                HAL_RTC_SetDate
 .text.HAL_RTCEx_SetWakeUpTimer
                0x080036c0       0x90 Drivers\STM32F7xx_HAL_Driver\Src\stm32f7xx_hal_rtc_ex.o
                0x080036c0                HAL_RTCEx_SetWakeUpTimer
 .text.SD_FindSCR
                0x08003750       0xca Drivers\STM32F7xx_HAL_Driver\Src\stm32f7xx_hal_sd.o
 .text.HAL_SD_ReadBlocks
                0x0800381a      0x1ba Drivers\STM32F7xx_HAL_Driver\Src\stm32f7xx_hal_sd.o
                0x0800381a                HAL_SD_ReadBlocks
 .text.HAL_SD_WriteBlocks
                0x080039d4      0x172 Drivers\STM32F7xx_HAL_Driver\Src\stm32f7xx_hal_sd.o
                0x080039d4                HAL_SD_WriteBlocks
 .text.HAL_SD_ErrorCallback
                0x08003b46        0x2 Drivers\STM32F7xx_HAL_Driver\Src\stm32f7xx_hal_sd.o
                0x08003b46                HAL_SD_ErrorCallback
 .text.HAL_SD_GetCardCSD
                0x08003b48      0x1be Drivers\STM32F7xx_HAL_Driver\Src\stm32f7xx_hal_sd.o
                0x08003b48                HAL_SD_GetCardCSD
 .text.HAL_SD_InitCard
                0x08003d06      0x1e6 Drivers\STM32F7xx_HAL_Driver\Src\stm32f7xx_hal_sd.o
                0x08003d06                HAL_SD_InitCard
 .text.HAL_SD_Init
                0x08003eec       0x34 Drivers\STM32F7xx_HAL_Driver\Src\stm32f7xx_hal_sd.o
                0x08003eec                HAL_SD_Init
 .text.HAL_SD_GetCardInfo
                0x08003f20       0x24 Drivers\STM32F7xx_HAL_Driver\Src\stm32f7xx_hal_sd.o
                0x08003f20                HAL_SD_GetCardInfo
 .text.HAL_SD_ConfigWideBusOperation
                0x08003f44      0x108 Drivers\STM32F7xx_HAL_Driver\Src\stm32f7xx_hal_sd.o
                0x08003f44                HAL_SD_ConfigWideBusOperation
 .text.HAL_SD_GetCardState
                0x0800404c       0x28 Drivers\STM32F7xx_HAL_Driver\Src\stm32f7xx_hal_sd.o
                0x0800404c                HAL_SD_GetCardState
 .text.SD_DMATxAbort
                0x08004074       0x44 Drivers\STM32F7xx_HAL_Driver\Src\stm32f7xx_hal_sd.o
 .text.SD_DMARxAbort
                0x080040b8       0x44 Drivers\STM32F7xx_HAL_Driver\Src\stm32f7xx_hal_sd.o
 .text.HAL_SD_IRQHandler
                0x080040fc      0x1a8 Drivers\STM32F7xx_HAL_Driver\Src\stm32f7xx_hal_sd.o
                0x080040fc                HAL_SD_IRQHandler
 .text.HAL_SDRAM_Init
                0x080042a4       0x40 Drivers\STM32F7xx_HAL_Driver\Src\stm32f7xx_hal_sdram.o
                0x080042a4                HAL_SDRAM_Init
 .text.HAL_SDRAM_SendCommand
                0x080042e4       0x2e Drivers\STM32F7xx_HAL_Driver\Src\stm32f7xx_hal_sdram.o
                0x080042e4                HAL_SDRAM_SendCommand
 .text.HAL_SDRAM_ProgramRefreshRate
                0x08004312       0x24 Drivers\STM32F7xx_HAL_Driver\Src\stm32f7xx_hal_sdram.o
                0x08004312                HAL_SDRAM_ProgramRefreshRate
 .text.HAL_SPI_Init
                0x08004336       0xaa Drivers\STM32F7xx_HAL_Driver\Src\stm32f7xx_hal_spi.o
                0x08004336                HAL_SPI_Init
 .text.TIM_OC1_SetConfig
                0x080043e0       0x68 Drivers\STM32F7xx_HAL_Driver\Src\stm32f7xx_hal_tim.o
 .text.TIM_OC3_SetConfig
                0x08004448       0x70 Drivers\STM32F7xx_HAL_Driver\Src\stm32f7xx_hal_tim.o
 .text.TIM_OC4_SetConfig
                0x080044b8       0x50 Drivers\STM32F7xx_HAL_Driver\Src\stm32f7xx_hal_tim.o
 .text.TIM_OC5_SetConfig
                0x08004508       0x50 Drivers\STM32F7xx_HAL_Driver\Src\stm32f7xx_hal_tim.o
 .text.TIM_OC6_SetConfig
                0x08004558       0x50 Drivers\STM32F7xx_HAL_Driver\Src\stm32f7xx_hal_tim.o
 .text.HAL_TIM_PWM_MspInit
                0x080045a8        0x2 Drivers\STM32F7xx_HAL_Driver\Src\stm32f7xx_hal_tim.o
                0x080045a8                HAL_TIM_PWM_MspInit
 .text.HAL_TIM_PeriodElapsedCallback
                0x080045aa        0x2 Drivers\STM32F7xx_HAL_Driver\Src\stm32f7xx_hal_tim.o
                0x080045aa                HAL_TIM_PeriodElapsedCallback
 .text.HAL_TIM_OC_DelayElapsedCallback
                0x080045ac        0x2 Drivers\STM32F7xx_HAL_Driver\Src\stm32f7xx_hal_tim.o
                0x080045ac                HAL_TIM_OC_DelayElapsedCallback
 .text.HAL_TIM_IC_CaptureCallback
                0x080045ae        0x2 Drivers\STM32F7xx_HAL_Driver\Src\stm32f7xx_hal_tim.o
                0x080045ae                HAL_TIM_IC_CaptureCallback
 .text.HAL_TIM_PWM_PulseFinishedCallback
                0x080045b0        0x2 Drivers\STM32F7xx_HAL_Driver\Src\stm32f7xx_hal_tim.o
                0x080045b0                HAL_TIM_PWM_PulseFinishedCallback
 .text.HAL_TIM_TriggerCallback
                0x080045b2        0x2 Drivers\STM32F7xx_HAL_Driver\Src\stm32f7xx_hal_tim.o
                0x080045b2                HAL_TIM_TriggerCallback
 .text.HAL_TIM_IRQHandler
                0x080045b4      0x160 Drivers\STM32F7xx_HAL_Driver\Src\stm32f7xx_hal_tim.o
                0x080045b4                HAL_TIM_IRQHandler
 .text.TIM_Base_SetConfig
                0x08004714       0xcc Drivers\STM32F7xx_HAL_Driver\Src\stm32f7xx_hal_tim.o
                0x08004714                TIM_Base_SetConfig
 .text.HAL_TIM_Base_Init
                0x080047e0       0x34 Drivers\STM32F7xx_HAL_Driver\Src\stm32f7xx_hal_tim.o
                0x080047e0                HAL_TIM_Base_Init
 .text.HAL_TIM_PWM_Init
                0x08004814       0x34 Drivers\STM32F7xx_HAL_Driver\Src\stm32f7xx_hal_tim.o
                0x08004814                HAL_TIM_PWM_Init
 .text.TIM_OC2_SetConfig
                0x08004848       0x70 Drivers\STM32F7xx_HAL_Driver\Src\stm32f7xx_hal_tim.o
                0x08004848                TIM_OC2_SetConfig
 .text.HAL_TIM_PWM_ConfigChannel
                0x080048b8      0x10a Drivers\STM32F7xx_HAL_Driver\Src\stm32f7xx_hal_tim.o
                0x080048b8                HAL_TIM_PWM_ConfigChannel
 .text.TIM_ETR_SetConfig
                0x080049c2       0x14 Drivers\STM32F7xx_HAL_Driver\Src\stm32f7xx_hal_tim.o
                0x080049c2                TIM_ETR_SetConfig
 *fill*         0x080049d6        0x2 
 .text.HAL_TIM_ConfigClockSource
                0x080049d8      0x128 Drivers\STM32F7xx_HAL_Driver\Src\stm32f7xx_hal_tim.o
                0x080049d8                HAL_TIM_ConfigClockSource
 .text.HAL_TIMEx_MasterConfigSynchronization
                0x08004b00       0x58 Drivers\STM32F7xx_HAL_Driver\Src\stm32f7xx_hal_tim_ex.o
                0x08004b00                HAL_TIMEx_MasterConfigSynchronization
 .text.HAL_TIMEx_CommutCallback
                0x08004b58        0x2 Drivers\STM32F7xx_HAL_Driver\Src\stm32f7xx_hal_tim_ex.o
                0x08004b58                HAL_TIMEx_CommutCallback
 .text.HAL_TIMEx_BreakCallback
                0x08004b5a        0x2 Drivers\STM32F7xx_HAL_Driver\Src\stm32f7xx_hal_tim_ex.o
                0x08004b5a                HAL_TIMEx_BreakCallback
 .text.HAL_TIMEx_Break2Callback
                0x08004b5c        0x2 Drivers\STM32F7xx_HAL_Driver\Src\stm32f7xx_hal_tim_ex.o
                0x08004b5c                HAL_TIMEx_Break2Callback
 .text.UART_EndRxTransfer
                0x08004b5e       0x1c Drivers\STM32F7xx_HAL_Driver\Src\stm32f7xx_hal_uart.o
 .text.HAL_UART_TxCpltCallback
                0x08004b7a        0x2 Drivers\STM32F7xx_HAL_Driver\Src\stm32f7xx_hal_uart.o
                0x08004b7a                HAL_UART_TxCpltCallback
 .text.HAL_UART_ErrorCallback
                0x08004b7c        0x2 Drivers\STM32F7xx_HAL_Driver\Src\stm32f7xx_hal_uart.o
                0x08004b7c                HAL_UART_ErrorCallback
 *fill*         0x08004b7e        0x2 
 .text.HAL_UART_IRQHandler
                0x08004b80      0x110 Drivers\STM32F7xx_HAL_Driver\Src\stm32f7xx_hal_uart.o
                0x08004b80                HAL_UART_IRQHandler
 .text.UART_DMAAbortOnError
                0x08004c90       0x14 Drivers\STM32F7xx_HAL_Driver\Src\stm32f7xx_hal_uart.o
 .text.UART_SetConfig
                0x08004ca4      0x288 Drivers\STM32F7xx_HAL_Driver\Src\stm32f7xx_hal_uart.o
                0x08004ca4                UART_SetConfig
 .text.UART_AdvFeatureConfig
                0x08004f2c       0xaa Drivers\STM32F7xx_HAL_Driver\Src\stm32f7xx_hal_uart.o
                0x08004f2c                UART_AdvFeatureConfig
 .text.UART_WaitOnFlagUntilTimeout
                0x08004fd6       0x5e Drivers\STM32F7xx_HAL_Driver\Src\stm32f7xx_hal_uart.o
                0x08004fd6                UART_WaitOnFlagUntilTimeout
 .text.UART_CheckIdleState
                0x08005034       0x40 Drivers\STM32F7xx_HAL_Driver\Src\stm32f7xx_hal_uart.o
                0x08005034                UART_CheckIdleState
 .text.HAL_UART_Init
                0x08005074       0x5c Drivers\STM32F7xx_HAL_Driver\Src\stm32f7xx_hal_uart.o
                0x08005074                HAL_UART_Init
 .text.FMC_SDRAM_Init
                0x080050d0       0x7e Drivers\STM32F7xx_HAL_Driver\Src\stm32f7xx_ll_fmc.o
                0x080050d0                FMC_SDRAM_Init
 .text.FMC_SDRAM_Timing_Init
                0x0800514e       0x90 Drivers\STM32F7xx_HAL_Driver\Src\stm32f7xx_ll_fmc.o
                0x0800514e                FMC_SDRAM_Timing_Init
 .text.FMC_SDRAM_SendCommand
                0x080051de       0x26 Drivers\STM32F7xx_HAL_Driver\Src\stm32f7xx_ll_fmc.o
                0x080051de                FMC_SDRAM_SendCommand
 .text.FMC_SDRAM_ProgramRefreshRate
                0x08005204        0xc Drivers\STM32F7xx_HAL_Driver\Src\stm32f7xx_ll_fmc.o
                0x08005204                FMC_SDRAM_ProgramRefreshRate
 .text.SDMMC_GetCmdResp2
                0x08005210       0x4c Drivers\STM32F7xx_HAL_Driver\Src\stm32f7xx_ll_sdmmc.o
 .text.SDMMC_GetCmdResp3
                0x0800525c       0x44 Drivers\STM32F7xx_HAL_Driver\Src\stm32f7xx_ll_sdmmc.o
 .text.SDMMC_Init
                0x080052a0       0x38 Drivers\STM32F7xx_HAL_Driver\Src\stm32f7xx_ll_sdmmc.o
                0x080052a0                SDMMC_Init
 .text.SDMMC_ReadFIFO
                0x080052d8        0x6 Drivers\STM32F7xx_HAL_Driver\Src\stm32f7xx_ll_sdmmc.o
                0x080052d8                SDMMC_ReadFIFO
 .text.SDMMC_WriteFIFO
                0x080052de        0xa Drivers\STM32F7xx_HAL_Driver\Src\stm32f7xx_ll_sdmmc.o
                0x080052de                SDMMC_WriteFIFO
 .text.SDMMC_PowerState_ON
                0x080052e8        0x8 Drivers\STM32F7xx_HAL_Driver\Src\stm32f7xx_ll_sdmmc.o
                0x080052e8                SDMMC_PowerState_ON
 .text.SDMMC_GetPowerState
                0x080052f0        0x8 Drivers\STM32F7xx_HAL_Driver\Src\stm32f7xx_ll_sdmmc.o
                0x080052f0                SDMMC_GetPowerState
 .text.SDMMC_SendCommand
                0x080052f8       0x26 Drivers\STM32F7xx_HAL_Driver\Src\stm32f7xx_ll_sdmmc.o
                0x080052f8                SDMMC_SendCommand
 .text.SDMMC_GetResponse
                0x0800531e       0x14 Drivers\STM32F7xx_HAL_Driver\Src\stm32f7xx_ll_sdmmc.o
                0x0800531e                SDMMC_GetResponse
 *fill*         0x08005332        0x2 
 .text.SDMMC_GetCmdResp1
                0x08005334      0x11c Drivers\STM32F7xx_HAL_Driver\Src\stm32f7xx_ll_sdmmc.o
 .text.SDMMC_ConfigData
                0x08005450       0x26 Drivers\STM32F7xx_HAL_Driver\Src\stm32f7xx_ll_sdmmc.o
                0x08005450                SDMMC_ConfigData
 .text.SDMMC_CmdBlockLength
                0x08005476       0x30 Drivers\STM32F7xx_HAL_Driver\Src\stm32f7xx_ll_sdmmc.o
                0x08005476                SDMMC_CmdBlockLength
 .text.SDMMC_CmdReadSingleBlock
                0x080054a6       0x30 Drivers\STM32F7xx_HAL_Driver\Src\stm32f7xx_ll_sdmmc.o
                0x080054a6                SDMMC_CmdReadSingleBlock
 .text.SDMMC_CmdReadMultiBlock
                0x080054d6       0x30 Drivers\STM32F7xx_HAL_Driver\Src\stm32f7xx_ll_sdmmc.o
                0x080054d6                SDMMC_CmdReadMultiBlock
 .text.SDMMC_CmdWriteSingleBlock
                0x08005506       0x30 Drivers\STM32F7xx_HAL_Driver\Src\stm32f7xx_ll_sdmmc.o
                0x08005506                SDMMC_CmdWriteSingleBlock
 .text.SDMMC_CmdWriteMultiBlock
                0x08005536       0x30 Drivers\STM32F7xx_HAL_Driver\Src\stm32f7xx_ll_sdmmc.o
                0x08005536                SDMMC_CmdWriteMultiBlock
 *fill*         0x08005566        0x2 
 .text.SDMMC_CmdStopTransfer
                0x08005568       0x34 Drivers\STM32F7xx_HAL_Driver\Src\stm32f7xx_ll_sdmmc.o
                0x08005568                SDMMC_CmdStopTransfer
 .text.SDMMC_CmdSelDesel
                0x0800559c       0x30 Drivers\STM32F7xx_HAL_Driver\Src\stm32f7xx_ll_sdmmc.o
                0x0800559c                SDMMC_CmdSelDesel
 .text.SDMMC_CmdGoIdleState
                0x080055cc       0x50 Drivers\STM32F7xx_HAL_Driver\Src\stm32f7xx_ll_sdmmc.o
                0x080055cc                SDMMC_CmdGoIdleState
 .text.SDMMC_CmdOperCond
                0x0800561c       0x70 Drivers\STM32F7xx_HAL_Driver\Src\stm32f7xx_ll_sdmmc.o
                0x0800561c                SDMMC_CmdOperCond
 .text.SDMMC_CmdAppCommand
                0x0800568c       0x30 Drivers\STM32F7xx_HAL_Driver\Src\stm32f7xx_ll_sdmmc.o
                0x0800568c                SDMMC_CmdAppCommand
 .text.SDMMC_CmdAppOperCommand
                0x080056bc       0x32 Drivers\STM32F7xx_HAL_Driver\Src\stm32f7xx_ll_sdmmc.o
                0x080056bc                SDMMC_CmdAppOperCommand
 .text.SDMMC_CmdSendSCR
                0x080056ee       0x30 Drivers\STM32F7xx_HAL_Driver\Src\stm32f7xx_ll_sdmmc.o
                0x080056ee                SDMMC_CmdSendSCR
 .text.SDMMC_CmdSendCID
                0x0800571e       0x2a Drivers\STM32F7xx_HAL_Driver\Src\stm32f7xx_ll_sdmmc.o
                0x0800571e                SDMMC_CmdSendCID
 .text.SDMMC_CmdSendCSD
                0x08005748       0x2a Drivers\STM32F7xx_HAL_Driver\Src\stm32f7xx_ll_sdmmc.o
                0x08005748                SDMMC_CmdSendCSD
 *fill*         0x08005772        0x2 
 .text.SDMMC_CmdSetRelAdd
                0x08005774       0xa8 Drivers\STM32F7xx_HAL_Driver\Src\stm32f7xx_ll_sdmmc.o
                0x08005774                SDMMC_CmdSetRelAdd
 .text.SDMMC_CmdSendStatus
                0x0800581c       0x30 Drivers\STM32F7xx_HAL_Driver\Src\stm32f7xx_ll_sdmmc.o
                0x0800581c                SDMMC_CmdSendStatus
 .text.SDMMC_CmdSwitch
                0x0800584c       0x30 Drivers\STM32F7xx_HAL_Driver\Src\stm32f7xx_ll_sdmmc.o
                0x0800584c                SDMMC_CmdSwitch
 .text.SDMMC_CmdBusWidth
                0x0800587c        0x4 Drivers\STM32F7xx_HAL_Driver\Src\stm32f7xx_ll_sdmmc.o
                0x0800587c                SDMMC_CmdBusWidth
 .text.MX_FATFS_Init
                0x08005880       0x34 FATFS\App\fatfs.o
                0x08005880                MX_FATFS_Init
 .text.BSP_SD_ReadBlocks
                0x080058b4       0x20 FATFS\Target\bsp_driver_sd.o
                0x080058b4                BSP_SD_ReadBlocks
 .text.BSP_SD_WriteBlocks
                0x080058d4       0x20 FATFS\Target\bsp_driver_sd.o
                0x080058d4                BSP_SD_WriteBlocks
 .text.BSP_SD_GetCardState
                0x080058f4       0x14 FATFS\Target\bsp_driver_sd.o
                0x080058f4                BSP_SD_GetCardState
 .text.BSP_SD_GetCardInfo
                0x08005908        0xc FATFS\Target\bsp_driver_sd.o
                0x08005908                BSP_SD_GetCardInfo
 .text.BSP_SD_AbortCallback
                0x08005914        0x2 FATFS\Target\bsp_driver_sd.o
                0x08005914                BSP_SD_AbortCallback
 .text.HAL_SD_AbortCallback
                0x08005916        0x8 FATFS\Target\bsp_driver_sd.o
                0x08005916                HAL_SD_AbortCallback
 .text.BSP_SD_WriteCpltCallback
                0x0800591e        0x2 FATFS\Target\bsp_driver_sd.o
                0x0800591e                BSP_SD_WriteCpltCallback
 .text.HAL_SD_TxCpltCallback
                0x08005920        0x8 FATFS\Target\bsp_driver_sd.o
                0x08005920                HAL_SD_TxCpltCallback
 .text.BSP_SD_ReadCpltCallback
                0x08005928        0x2 FATFS\Target\bsp_driver_sd.o
                0x08005928                BSP_SD_ReadCpltCallback
 .text.HAL_SD_RxCpltCallback
                0x0800592a        0x8 FATFS\Target\bsp_driver_sd.o
                0x0800592a                HAL_SD_RxCpltCallback
 .text.BSP_SD_IsDetected
                0x08005932       0x1c FATFS\Target\bsp_driver_sd.o
                0x08005932                BSP_SD_IsDetected
 *fill*         0x0800594e        0x2 
 .text.BSP_SD_Init
                0x08005950       0x2c FATFS\Target\bsp_driver_sd.o
                0x08005950                BSP_SD_Init
 .text.BSP_PlatformIsDetected
                0x0800597c       0x18 FATFS\Target\fatfs_platform.o
                0x0800597c                BSP_PlatformIsDetected
 .text.SD_CheckStatus.isra.0
                0x08005994       0x20 FATFS\Target\sd_diskio.o
 .text.SD_initialize
                0x080059b4       0x1c FATFS\Target\sd_diskio.o
                0x080059b4                SD_initialize
 .text.SD_status
                0x080059d0        0x4 FATFS\Target\sd_diskio.o
                0x080059d0                SD_status
 .text.SD_read  0x080059d4       0x20 FATFS\Target\sd_diskio.o
                0x080059d4                SD_read
 .text.SD_ioctl
                0x080059f4       0x50 FATFS\Target\sd_diskio.o
                0x080059f4                SD_ioctl
 .text.SD_write
                0x08005a44       0x20 FATFS\Target\sd_diskio.o
                0x08005a44                SD_write
 .text.USER_status
                0x08005a64       0x10 FATFS\Target\user_diskio.o
                0x08005a64                USER_status
 .text.USER_write
                0x08005a74        0x4 FATFS\Target\user_diskio.o
                0x08005a74                USER_write
 .text.USER_ioctl
                0x08005a78        0x4 FATFS\Target\user_diskio.o
                0x08005a78                USER_ioctl
 .text.USER_read
                0x08005a7c        0x4 FATFS\Target\user_diskio.o
                0x08005a7c                USER_read
 .text.USER_initialize
                0x08005a80       0x10 FATFS\Target\user_diskio.o
                0x08005a80                USER_initialize
 .text.MX_LIBJPEG_Init
                0x08005a90        0x2 LIBJPEG\App\libjpeg.o
                0x08005a90                MX_LIBJPEG_Init
 *fill*         0x08005a92        0x2 
 .text.GUI_X_GetTime
                0x08005a94        0xc Middlewares\ST\STemWin\OS\GUI_X.o
                0x08005a94                GUI_X_GetTime
 .text.GUI_X_Delay
                0x08005aa0       0x14 Middlewares\ST\STemWin\OS\GUI_X.o
                0x08005aa0                GUI_X_Delay
 .text.GUI_X_Init
                0x08005ab4        0x2 Middlewares\ST\STemWin\OS\GUI_X.o
                0x08005ab4                GUI_X_Init
 .text._cbDialog
                0x08005ab6        0x4 Middlewares\ST\STemWin\Software\WindowDLG.o
 *fill*         0x08005aba        0x2 
 .text.CreateWindow
                0x08005abc       0x28 Middlewares\ST\STemWin\Software\WindowDLG.o
                0x08005abc                CreateWindow
 .text.FATFS_LinkDriverEx
                0x08005ae4       0x44 Middlewares\Third_Party\FatFs\src\ff_gen_drv.o
                0x08005ae4                FATFS_LinkDriverEx
 .text.FATFS_LinkDriver
                0x08005b28        0x6 Middlewares\Third_Party\FatFs\src\ff_gen_drv.o
                0x08005b28                FATFS_LinkDriver
 *fill*         0x08005b2e        0x2 
 .text.GRAPHICS_MainTask
                0x08005b30       0x48 STemWin\App\GUI_App.o
                0x08005b30                GRAPHICS_MainTask
 .text.GUI_X_Config
                0x08005b78       0x10 STemWin\Target\GUIConf.o
                0x08005b78                GUI_X_Config
 .text.MX_LCD_Init
                0x08005b88       0xb0 STemWin\Target\HW_Init.o
                0x08005b88                MX_LCD_Init
 .text.MX_FMC_Init
                0x08005c38       0x70 STemWin\Target\HW_Init.o
                0x08005c38                MX_FMC_Init
 .text.MX_SDRAM_InitEx
                0x08005ca8       0x98 STemWin\Target\HW_Init.o
                0x08005ca8                MX_SDRAM_InitEx
 .text.MX_DMA2D_Init
                0x08005d40       0x44 STemWin\Target\HW_Init.o
                0x08005d40                MX_DMA2D_Init
 .text.HAL_LTDC_MspInit
                0x08005d84      0x1d8 STemWin\Target\HW_Init.o
                0x08005d84                HAL_LTDC_MspInit
 .text.HAL_LTDC_MspDeInit
                0x08005f5c       0x88 STemWin\Target\HW_Init.o
                0x08005f5c                HAL_LTDC_MspDeInit
 .text.HAL_SDRAM_MspInit
                0x08005fe4       0xc0 STemWin\Target\HW_Init.o
                0x08005fe4                HAL_SDRAM_MspInit
 .text.HAL_DMA2D_MspInit
                0x080060a4       0x3c STemWin\Target\HW_Init.o
                0x080060a4                HAL_DMA2D_MspInit
 .text.TransferComplete
                0x080060e0        0xc STemWin\Target\STemwin_wrapper.o
 .text.GetBufferSize
                0x080060ec       0x18 STemWin\Target\STemwin_wrapper.o
 .text._DMA_ExecOperation
                0x08006104       0x10 STemWin\Target\STemwin_wrapper.o
 .text._DMA_ConvertColor
                0x08006114       0x48 STemWin\Target\STemwin_wrapper.o
 .text._DMA_DrawAlphaBitmap
                0x0800615c       0x5c STemWin\Target\STemwin_wrapper.o
 .text._LCD_DrawMemdevAlpha
                0x080061b8       0x26 STemWin\Target\STemwin_wrapper.o
 *fill*         0x080061de        0x2 
 .text.GetPixelformat
                0x080061e0       0x4c STemWin\Target\STemwin_wrapper.o
 .text.DMA2D_CopyBuffer
                0x0800622c       0x58 STemWin\Target\STemwin_wrapper.o
 .text.LCD_LL_CopyBuffer
                0x08006284       0x3c STemWin\Target\STemwin_wrapper.o
 .text.LCD_LL_CopyRect
                0x080062c0       0x5c STemWin\Target\STemwin_wrapper.o
 .text.LCD_LL_DrawBitmap16bpp
                0x0800631c       0x68 STemWin\Target\STemwin_wrapper.o
                0x0800631c                LCD_LL_DrawBitmap16bpp
 .text.LCD_LL_DrawBitmap32bpp
                0x08006384       0xa0 STemWin\Target\STemwin_wrapper.o
 .text._LCD_DrawBitmapAlpha
                0x08006424       0x74 STemWin\Target\STemwin_wrapper.o
 .text.LCD_LL_DrawBitmap8bpp
                0x08006498       0x90 STemWin\Target\STemwin_wrapper.o
 .text._Color2IndexBulk_M4444I_DMA2D
                0x08006528       0x12 STemWin\Target\STemwin_wrapper.o
 *fill*         0x0800653a        0x2 
 .text.LCD_LL_FillRect
                0x0800653c       0xc8 STemWin\Target\STemwin_wrapper.o
 .text._Index2ColorBulk_M8888I_DMA2D
                0x08006604       0x12 STemWin\Target\STemwin_wrapper.o
 .text._Color2IndexBulk_M888_DMA2D
                0x08006616       0x12 STemWin\Target\STemwin_wrapper.o
 .text._Color2IndexBulk_M8888I_DMA2D
                0x08006628       0x12 STemWin\Target\STemwin_wrapper.o
 .text._Index2ColorBulk_M888_DMA2D
                0x0800663a       0x12 STemWin\Target\STemwin_wrapper.o
 .text._Color2IndexBulk_M565_DMA2D
                0x0800664c       0x12 STemWin\Target\STemwin_wrapper.o
 .text._Index2ColorBulk_M565_DMA2D
                0x0800665e       0x12 STemWin\Target\STemwin_wrapper.o
 .text._Color2IndexBulk_M1555I_DMA2D
                0x08006670       0x12 STemWin\Target\STemwin_wrapper.o
 .text._Index2ColorBulk_M1555I_DMA2D
                0x08006682       0x12 STemWin\Target\STemwin_wrapper.o
 .text._Index2ColorBulk_M4444I_DMA2D
                0x08006694       0x12 STemWin\Target\STemwin_wrapper.o
 *fill*         0x080066a6        0x2 
 .text.DMA2D_Init
                0x080066a8       0x30 STemWin\Target\STemwin_wrapper.o
                0x080066a8                DMA2D_Init
 .text.HAL_LTDC_LineEventCallback
                0x080066d8       0x48 STemWin\Target\STemwin_wrapper.o
                0x080066d8                HAL_LTDC_LineEventCallback
 .text.LCD_X_Config
                0x08006720      0x130 STemWin\Target\STemwin_wrapper.o
                0x08006720                LCD_X_Config
 .text.LCD_X_DisplayDriver
                0x08006850      0x118 STemWin\Target\STemwin_wrapper.o
                0x08006850                LCD_X_DisplayDriver
 .text.GRAPHICS_IncTick
                0x08006968       0x10 STemWin\Target\STemwin_wrapper.o
                0x08006968                GRAPHICS_IncTick
 .text.GRAPHICS_HW_Init
                0x08006978       0x1a STemWin\Target\STemwin_wrapper.o
                0x08006978                GRAPHICS_HW_Init
 .text.GRAPHICS_Init
                0x08006992        0x4 STemWin\Target\STemwin_wrapper.o
                0x08006992                GRAPHICS_Init
 *fill*         0x08006996        0x2 
 .text.Reset_Handler
                0x08006998       0x50 startup\startup_stm32f767xx.o
                0x08006998                Reset_Handler
 .text.Default_Handler
                0x080069e8        0x2 startup\startup_stm32f767xx.o
                0x080069e8                RTC_Alarm_IRQHandler
                0x080069e8                EXTI2_IRQHandler
                0x080069e8                TIM8_CC_IRQHandler
                0x080069e8                UART8_IRQHandler
                0x080069e8                SPI4_IRQHandler
                0x080069e8                TIM1_CC_IRQHandler
                0x080069e8                DMA2_Stream5_IRQHandler
                0x080069e8                JPEG_IRQHandler
                0x080069e8                DMA1_Stream5_IRQHandler
                0x080069e8                CAN3_RX1_IRQHandler
                0x080069e8                PVD_IRQHandler
                0x080069e8                TAMP_STAMP_IRQHandler
                0x080069e8                CAN2_RX1_IRQHandler
                0x080069e8                EXTI3_IRQHandler
                0x080069e8                TIM8_TRG_COM_TIM14_IRQHandler
                0x080069e8                DFSDM1_FLT1_IRQHandler
                0x080069e8                TIM8_UP_TIM13_IRQHandler
                0x080069e8                I2C3_ER_IRQHandler
                0x080069e8                DFSDM1_FLT2_IRQHandler
                0x080069e8                EXTI0_IRQHandler
                0x080069e8                I2C2_EV_IRQHandler
                0x080069e8                DMA1_Stream2_IRQHandler
                0x080069e8                CAN1_RX0_IRQHandler
                0x080069e8                FPU_IRQHandler
                0x080069e8                OTG_HS_WKUP_IRQHandler
                0x080069e8                CAN3_SCE_IRQHandler
                0x080069e8                LTDC_ER_IRQHandler
                0x080069e8                CAN2_SCE_IRQHandler
                0x080069e8                DMA2_Stream2_IRQHandler
                0x080069e8                SPI1_IRQHandler
                0x080069e8                TIM6_DAC_IRQHandler
                0x080069e8                TIM1_BRK_TIM9_IRQHandler
                0x080069e8                DCMI_IRQHandler
                0x080069e8                CAN2_RX0_IRQHandler
                0x080069e8                SAI2_IRQHandler
                0x080069e8                DFSDM1_FLT3_IRQHandler
                0x080069e8                USART6_IRQHandler
                0x080069e8                CAN3_RX0_IRQHandler
                0x080069e8                CAN1_RX1_IRQHandler
                0x080069e8                UART5_IRQHandler
                0x080069e8                DMA2_Stream0_IRQHandler
                0x080069e8                TIM4_IRQHandler
                0x080069e8                QUADSPI_IRQHandler
                0x080069e8                I2C1_EV_IRQHandler
                0x080069e8                DMA1_Stream6_IRQHandler
                0x080069e8                DMA1_Stream1_IRQHandler
                0x080069e8                UART4_IRQHandler
                0x080069e8                RCC_IRQHandler
                0x080069e8                TIM8_BRK_TIM12_IRQHandler
                0x080069e8                Default_Handler
                0x080069e8                CEC_IRQHandler
                0x080069e8                EXTI15_10_IRQHandler
                0x080069e8                ADC_IRQHandler
                0x080069e8                DMA1_Stream7_IRQHandler
                0x080069e8                SPI5_IRQHandler
                0x080069e8                CAN2_TX_IRQHandler
                0x080069e8                DMA2_Stream7_IRQHandler
                0x080069e8                I2C3_EV_IRQHandler
                0x080069e8                EXTI9_5_IRQHandler
                0x080069e8                RTC_WKUP_IRQHandler
                0x080069e8                ETH_WKUP_IRQHandler
                0x080069e8                SPDIF_RX_IRQHandler
                0x080069e8                SPI2_IRQHandler
                0x080069e8                OTG_HS_EP1_IN_IRQHandler
                0x080069e8                DMA1_Stream0_IRQHandler
                0x080069e8                CAN1_TX_IRQHandler
                0x080069e8                EXTI4_IRQHandler
                0x080069e8                RNG_IRQHandler
                0x080069e8                ETH_IRQHandler
                0x080069e8                OTG_HS_EP1_OUT_IRQHandler
                0x080069e8                WWDG_IRQHandler
                0x080069e8                SPI6_IRQHandler
                0x080069e8                MDIOS_IRQHandler
                0x080069e8                I2C4_EV_IRQHandler
                0x080069e8                CAN3_TX_IRQHandler
                0x080069e8                TIM2_IRQHandler
                0x080069e8                OTG_FS_WKUP_IRQHandler
                0x080069e8                OTG_HS_IRQHandler
                0x080069e8                EXTI1_IRQHandler
                0x080069e8                SDMMC2_IRQHandler
                0x080069e8                UART7_IRQHandler
                0x080069e8                DFSDM1_FLT0_IRQHandler
                0x080069e8                I2C2_ER_IRQHandler
                0x080069e8                DMA2_Stream1_IRQHandler
                0x080069e8                CAN1_SCE_IRQHandler
                0x080069e8                FLASH_IRQHandler
                0x080069e8                DMA2_Stream4_IRQHandler
                0x080069e8                OTG_FS_IRQHandler
                0x080069e8                SPI3_IRQHandler
                0x080069e8                DMA1_Stream4_IRQHandler
                0x080069e8                I2C1_ER_IRQHandler
                0x080069e8                FMC_IRQHandler
                0x080069e8                LPTIM1_IRQHandler
                0x080069e8                I2C4_ER_IRQHandler
                0x080069e8                DMA2_Stream6_IRQHandler
                0x080069e8                SAI1_IRQHandler
                0x080069e8                DMA1_Stream3_IRQHandler
 *fill*         0x080069ea        0x2 
 .text.GUICC_M1555I_SetCustColorConv
                0x080069ec        0xc ../Middlewares/ST/STemWin/Lib\STemWin_CM7_wc32_ot_ARGB.a(GUICC_M1555I.o)
                0x080069ec                GUICC_M1555I_SetCustColorConv
 .text.GUICC_M4444I_SetCustColorConv
                0x080069f8        0xc ../Middlewares/ST/STemWin/Lib\STemWin_CM7_wc32_ot_ARGB.a(GUICC_M4444I.o)
                0x080069f8                GUICC_M4444I_SetCustColorConv
 .text._Color2Index_M8888I
                0x08006a04        0x4 ../Middlewares/ST/STemWin/Lib\STemWin_CM7_wc32_ot_ARGB.a(GUICC_M8888I.o)
 .text._GetIndexMask_M8888I
                0x08006a08        0x8 ../Middlewares/ST/STemWin/Lib\STemWin_CM7_wc32_ot_ARGB.a(GUICC_M8888I.o)
 .text._Color2IndexBulk_M8888I
                0x08006a10       0x14 ../Middlewares/ST/STemWin/Lib\STemWin_CM7_wc32_ot_ARGB.a(GUICC_M8888I.o)
 .text._Index2ColorBulk_M8888I
                0x08006a24       0x14 ../Middlewares/ST/STemWin/Lib\STemWin_CM7_wc32_ot_ARGB.a(GUICC_M8888I.o)
 .text.GUICC_M8888I_SetCustColorConv
                0x08006a38        0x4 ../Middlewares/ST/STemWin/Lib\STemWin_CM7_wc32_ot_ARGB.a(GUICC_M8888I.o)
                0x08006a38                GUICC_M8888I_SetCustColorConv
 .text._Color2Index_888
                0x08006a3c       0x14 ../Middlewares/ST/STemWin/Lib\STemWin_CM7_wc32_ot_ARGB.a(GUICC_888.o)
 .text._GetIndexMask_888
                0x08006a50        0x8 ../Middlewares/ST/STemWin/Lib\STemWin_CM7_wc32_ot_ARGB.a(GUICC_888.o)
 .text._Color2IndexBulk
                0x08006a58       0x2c ../Middlewares/ST/STemWin/Lib\STemWin_CM7_wc32_ot_ARGB.a(GUICC_888.o)
 .text._Index2ColorBulk
                0x08006a84       0x30 ../Middlewares/ST/STemWin/Lib\STemWin_CM7_wc32_ot_ARGB.a(GUICC_888.o)
 .text._Color2Index_8888
                0x08006ab4       0x1c ../Middlewares/ST/STemWin/Lib\STemWin_CM7_wc32_ot_ARGB.a(GUICC_8888.o)
 .text._GetIndexMask_8888
                0x08006ad0        0x8 ../Middlewares/ST/STemWin/Lib\STemWin_CM7_wc32_ot_ARGB.a(GUICC_8888.o)
 .text._Color2IndexBulk
                0x08006ad8       0x38 ../Middlewares/ST/STemWin/Lib\STemWin_CM7_wc32_ot_ARGB.a(GUICC_8888.o)
 .text._Index2ColorBulk
                0x08006b10       0x38 ../Middlewares/ST/STemWin/Lib\STemWin_CM7_wc32_ot_ARGB.a(GUICC_8888.o)
 .text.LCD_Index2Color_8888
                0x08006b48       0x1c ../Middlewares/ST/STemWin/Lib\STemWin_CM7_wc32_ot_ARGB.a(GUICC_8888_Index2Color.o)
                0x08006b48                LCD_Index2Color_8888
 .text.LCD_Index2Color_888
                0x08006b64       0x18 ../Middlewares/ST/STemWin/Lib\STemWin_CM7_wc32_ot_ARGB.a(GUICC_888_Index2Color.o)
                0x08006b64                LCD_Index2Color_888
 .text.GUICC_M565_SetCustColorConv
                0x08006b7c        0xc ../Middlewares/ST/STemWin/Lib\STemWin_CM7_wc32_ot_ARGB.a(GUICC_M565.o)
                0x08006b7c                GUICC_M565_SetCustColorConv
 .text.GUICC_M888_SetCustColorConv
                0x08006b88        0x4 ../Middlewares/ST/STemWin/Lib\STemWin_CM7_wc32_ot_ARGB.a(GUICC_M888.o)
                0x08006b88                GUICC_M888_SetCustColorConv
 .text._Color2Index_M8888
                0x08006b8c        0x8 ../Middlewares/ST/STemWin/Lib\STemWin_CM7_wc32_ot_ARGB.a(GUICC_M8888.o)
 .text._GetIndexMask_M8888
                0x08006b94        0x8 ../Middlewares/ST/STemWin/Lib\STemWin_CM7_wc32_ot_ARGB.a(GUICC_M8888.o)
 .text._Color2IndexBulk
                0x08006b9c       0x18 ../Middlewares/ST/STemWin/Lib\STemWin_CM7_wc32_ot_ARGB.a(GUICC_M8888.o)
 .text._Index2ColorBulk
                0x08006bb4       0x18 ../Middlewares/ST/STemWin/Lib\STemWin_CM7_wc32_ot_ARGB.a(GUICC_M8888.o)
 .text._Index2Color_M8888
                0x08006bcc        0x8 ../Middlewares/ST/STemWin/Lib\STemWin_CM7_wc32_ot_ARGB.a(GUICC_M8888.o)
 .text.LCD_Index2Color_M8888I
                0x08006bd4        0x4 ../Middlewares/ST/STemWin/Lib\STemWin_CM7_wc32_ot_ARGB.a(GUICC_M8888I_Index2Color.o)
                0x08006bd4                LCD_Index2Color_M8888I
 .text.LCD_Index2Color_M888
                0x08006bd8        0x8 ../Middlewares/ST/STemWin/Lib\STemWin_CM7_wc32_ot_ARGB.a(GUICC_M888_Index2Color.o)
                0x08006bd8                LCD_Index2Color_M888
 .text._AddFreeMemory
                0x08006be0      0x35c ../Middlewares/ST/STemWin/Lib\STemWin_CM7_wc32_ot_ARGB.a(GUI_Alloc.o)
 .text._RemoveHoles
                0x08006f3c      0x1b0 ../Middlewares/ST/STemWin/Lib\STemWin_CM7_wc32_ot_ARGB.a(GUI_Alloc.o)
 .text._Alloc   0x080070ec      0x374 ../Middlewares/ST/STemWin/Lib\STemWin_CM7_wc32_ot_ARGB.a(GUI_Alloc.o)
 .text._EnlargeBlocks
                0x08007460       0xd8 ../Middlewares/ST/STemWin/Lib\STemWin_CM7_wc32_ot_ARGB.a(GUI_Alloc.o)
 .text.GUI_ALLOC_FreeFixedBlock
                0x08007538       0x14 ../Middlewares/ST/STemWin/Lib\STemWin_CM7_wc32_ot_ARGB.a(GUI_Alloc.o)
                0x08007538                GUI_ALLOC_FreeFixedBlock
 .text.GUI_ALLOC_GetFixedBlock
                0x0800754c      0x238 ../Middlewares/ST/STemWin/Lib\STemWin_CM7_wc32_ot_ARGB.a(GUI_Alloc.o)
                0x0800754c                GUI_ALLOC_GetFixedBlock
 .text.GUI_ALLOC_AllocNoInit
                0x08007784        0x8 ../Middlewares/ST/STemWin/Lib\STemWin_CM7_wc32_ot_ARGB.a(GUI_Alloc.o)
                0x08007784                GUI_ALLOC_AllocNoInit
 .text.GUI_ALLOC_h2p
                0x0800778c       0x14 ../Middlewares/ST/STemWin/Lib\STemWin_CM7_wc32_ot_ARGB.a(GUI_Alloc.o)
                0x0800778c                GUI_ALLOC_h2p
 .text.GUI_ALLOC_LockH
                0x080077a0       0x28 ../Middlewares/ST/STemWin/Lib\STemWin_CM7_wc32_ot_ARGB.a(GUI_Alloc.o)
                0x080077a0                GUI_ALLOC_LockH
 .text.GUI_ALLOC_UnlockH
                0x080077c8       0x34 ../Middlewares/ST/STemWin/Lib\STemWin_CM7_wc32_ot_ARGB.a(GUI_Alloc.o)
                0x080077c8                GUI_ALLOC_UnlockH
 .text.GUI_ALLOC_RequestSize
                0x080077fc      0x160 ../Middlewares/ST/STemWin/Lib\STemWin_CM7_wc32_ot_ARGB.a(GUI_Alloc.o)
                0x080077fc                GUI_ALLOC_RequestSize
 .text.GUI_ALLOC_AssignMemory
                0x0800795c       0x10 ../Middlewares/ST/STemWin/Lib\STemWin_CM7_wc32_ot_ARGB.a(GUI_Alloc.o)
                0x0800795c                GUI_ALLOC_AssignMemory
 .text.GUI_ALLOC_Free
                0x0800796c       0x34 ../Middlewares/ST/STemWin/Lib\STemWin_CM7_wc32_ot_ARGB.a(GUI_Alloc.o)
                0x0800796c                GUI_ALLOC_Free
 .text.GUI_ALLOC_AllocZero
                0x080079a0       0x70 ../Middlewares/ST/STemWin/Lib\STemWin_CM7_wc32_ot_ARGB.a(GUI_Alloc.o)
                0x080079a0                GUI_ALLOC_AllocZero
 .text.GUI_CalcColorDist
                0x08007a10       0x54 ../Middlewares/ST/STemWin/Lib\STemWin_CM7_wc32_ot_ARGB.a(GUI_Common.o)
                0x08007a10                GUI_CalcColorDist
 .text.GUI_GetBkColor
                0x08007a64       0x10 ../Middlewares/ST/STemWin/Lib\STemWin_CM7_wc32_ot_ARGB.a(GUI_Common.o)
                0x08007a64                GUI_GetBkColor
 .text.GUI_GetColor
                0x08007a74       0x10 ../Middlewares/ST/STemWin/Lib\STemWin_CM7_wc32_ot_ARGB.a(GUI_Common.o)
                0x08007a74                GUI_GetColor
 .text.GUI_GetDrawMode
                0x08007a84        0xc ../Middlewares/ST/STemWin/Lib\STemWin_CM7_wc32_ot_ARGB.a(GUI_Common.o)
                0x08007a84                GUI_GetDrawMode
 .text.GUI_GetOrg
                0x08007a90       0x1c ../Middlewares/ST/STemWin/Lib\STemWin_CM7_wc32_ot_ARGB.a(GUI_Common.o)
                0x08007a90                GUI_GetOrg
 .text.GUI_GetVersionString
                0x08007aac       0x18 ../Middlewares/ST/STemWin/Lib\STemWin_CM7_wc32_ot_ARGB.a(GUI_Common.o)
                0x08007aac                GUI_GetVersionString
 .text.GUI_MergeRect
                0x08007ac4       0x5c ../Middlewares/ST/STemWin/Lib\STemWin_CM7_wc32_ot_ARGB.a(GUI_Common.o)
                0x08007ac4                GUI_MergeRect
 .text.GUI_MoveRect
                0x08007b20       0x24 ../Middlewares/ST/STemWin/Lib\STemWin_CM7_wc32_ot_ARGB.a(GUI_Common.o)
                0x08007b20                GUI_MoveRect
 .text.GUI_Exec
                0x08007b44       0x5c ../Middlewares/ST/STemWin/Lib\STemWin_CM7_wc32_ot_ARGB.a(GUI_Common.o)
                0x08007b44                GUI_Exec
 .text.GUI_GotoXY
                0x08007ba0       0x10 ../Middlewares/ST/STemWin/Lib\STemWin_CM7_wc32_ot_ARGB.a(GUI_Common.o)
                0x08007ba0                GUI_GotoXY
 .text.GUI_RectsIntersect
                0x08007bb0       0x3c ../Middlewares/ST/STemWin/Lib\STemWin_CM7_wc32_ot_ARGB.a(GUI_Common.o)
                0x08007bb0                GUI_RectsIntersect
 .text.GUI_SaveContext_W
                0x08007bec       0x14 ../Middlewares/ST/STemWin/Lib\STemWin_CM7_wc32_ot_ARGB.a(GUI_Common.o)
                0x08007bec                GUI_SaveContext_W
 .text.GUI_RestoreContext
                0x08007c00       0x14 ../Middlewares/ST/STemWin/Lib\STemWin_CM7_wc32_ot_ARGB.a(GUI_Common.o)
                0x08007c00                GUI_RestoreContext
 .text.GUI_SelectLCD
                0x08007c14       0x14 ../Middlewares/ST/STemWin/Lib\STemWin_CM7_wc32_ot_ARGB.a(GUI_Common.o)
                0x08007c14                GUI_SelectLCD
 .text.GUI_SetBkColor
                0x08007c28        0x4 ../Middlewares/ST/STemWin/Lib\STemWin_CM7_wc32_ot_ARGB.a(GUI_Common.o)
                0x08007c28                GUI_SetBkColor
 .text.GUI_SetColor
                0x08007c2c        0x4 ../Middlewares/ST/STemWin/Lib\STemWin_CM7_wc32_ot_ARGB.a(GUI_Common.o)
                0x08007c2c                GUI_SetColor
 .text.GL_SetDefault
                0x08007c30       0x48 ../Middlewares/ST/STemWin/Lib\STemWin_CM7_wc32_ot_ARGB.a(GUI_Common.o)
                0x08007c30                GL_SetDefault
 .text.GUI_SetDrawMode
                0x08007c78        0x4 ../Middlewares/ST/STemWin/Lib\STemWin_CM7_wc32_ot_ARGB.a(GUI_Common.o)
                0x08007c78                GUI_SetDrawMode
 .text.GUI_SetFont
                0x08007c7c       0x14 ../Middlewares/ST/STemWin/Lib\STemWin_CM7_wc32_ot_ARGB.a(GUI_Common.o)
                0x08007c7c                GUI_SetFont
 .text.GUI_SetOrg
                0x08007c90       0x34 ../Middlewares/ST/STemWin/Lib\STemWin_CM7_wc32_ot_ARGB.a(GUI_Common.o)
                0x08007c90                GUI_SetOrg
 .text._InitContext
                0x08007cc4       0x80 ../Middlewares/ST/STemWin/Lib\STemWin_CM7_wc32_ot_ARGB.a(GUI_Core.o)
 .text._OnExit  0x08007d44       0x44 ../Middlewares/ST/STemWin/Lib\STemWin_CM7_wc32_ot_ARGB.a(GUI_Core.o)
 .text.GUI_Clear
                0x08007d88       0x70 ../Middlewares/ST/STemWin/Lib\STemWin_CM7_wc32_ot_ARGB.a(GUI_Core.o)
                0x08007d88                GUI_Clear
 .text.GUI__Config
                0x08007df8       0x80 ../Middlewares/ST/STemWin/Lib\STemWin_CM7_wc32_ot_ARGB.a(GUI_Core.o)
                0x08007df8                GUI__Config
 .text.GUI_Init
                0x08007e78      0x188 ../Middlewares/ST/STemWin/Lib\STemWin_CM7_wc32_ot_ARGB.a(GUI_Core.o)
                0x08007e78                GUI_Init
 .text.GUI__RegisterExit
                0x08008000       0x28 ../Middlewares/ST/STemWin/Lib\STemWin_CM7_wc32_ot_ARGB.a(GUI_Core.o)
                0x08008000                GUI__RegisterExit
 .text.GUI_DEVICE__GetpDriver
                0x08008028       0x2c ../Middlewares/ST/STemWin/Lib\STemWin_CM7_wc32_ot_ARGB.a(GUI_Device.o)
                0x08008028                GUI_DEVICE__GetpDriver
 .text.GUI_DEVICE_Delete
                0x08008054        0x4 ../Middlewares/ST/STemWin/Lib\STemWin_CM7_wc32_ot_ARGB.a(GUI_Device.o)
                0x08008054                GUI_DEVICE_Delete
 .text.GUI_DEVICE_Create
                0x08008058       0x5c ../Middlewares/ST/STemWin/Lib\STemWin_CM7_wc32_ot_ARGB.a(GUI_Device.o)
                0x08008058                GUI_DEVICE_Create
 .text.GUI_DEVICE_Unlink
                0x080080b4       0x44 ../Middlewares/ST/STemWin/Lib\STemWin_CM7_wc32_ot_ARGB.a(GUI_Device.o)
                0x080080b4                GUI_DEVICE_Unlink
 .text.GUI_DEVICE_Link
                0x080080f8       0x9c ../Middlewares/ST/STemWin/Lib\STemWin_CM7_wc32_ot_ARGB.a(GUI_Device.o)
                0x080080f8                GUI_DEVICE_Link
 .text.GUI_DEVICE_CreateAndLink
                0x08008194      0x130 ../Middlewares/ST/STemWin/Lib\STemWin_CM7_wc32_ot_ARGB.a(GUI_Device.o)
                0x08008194                GUI_DEVICE_CreateAndLink
 .text.GUI_DispString.part.0
                0x080082c4      0x12c ../Middlewares/ST/STemWin/Lib\STemWin_CM7_wc32_ot_ARGB.a(GUI_DispString.o)
 .text.GUI_DispStringAt
                0x080083f0       0x14 ../Middlewares/ST/STemWin/Lib\STemWin_CM7_wc32_ot_ARGB.a(GUI_DispString.o)
                0x080083f0                GUI_DispStringAt
 .text.GUI_MULTIBUF_ConfirmEx
                0x08008404       0x2c ../Middlewares/ST/STemWin/Lib\STemWin_CM7_wc32_ot_ARGB.a(GUI_MULTIBUF.o)
                0x08008404                GUI_MULTIBUF_ConfirmEx
 .text.GUI_StoreKey
                0x08008430       0x10 ../Middlewares/ST/STemWin/Lib\STemWin_CM7_wc32_ot_ARGB.a(GUI_OnKey.o)
                0x08008430                GUI_StoreKey
 .text.GUI_PollKeyMsg
                0x08008440       0x30 ../Middlewares/ST/STemWin/Lib\STemWin_CM7_wc32_ot_ARGB.a(GUI_OnKey.o)
                0x08008440                GUI_PollKeyMsg
 .text.GUI_GetLayerPosEx
                0x08008470       0x14 ../Middlewares/ST/STemWin/Lib\STemWin_CM7_wc32_ot_ARGB.a(GUI_SelectLayer.o)
                0x08008470                GUI_GetLayerPosEx
 .text.GUI_SelectLayer
                0x08008484       0x34 ../Middlewares/ST/STemWin/Lib\STemWin_CM7_wc32_ot_ARGB.a(GUI_SelectLayer.o)
                0x08008484                GUI_SelectLayer
 .text.GUI_Delay
                0x080084b8       0x30 ../Middlewares/ST/STemWin/Lib\STemWin_CM7_wc32_ot_ARGB.a(GUI_Time.o)
                0x080084b8                GUI_Delay
 .text.GUI_UC__GetCharCodeInc
                0x080084e8       0x28 ../Middlewares/ST/STemWin/Lib\STemWin_CM7_wc32_ot_ARGB.a(GUI_UC.o)
                0x080084e8                GUI_UC__GetCharCodeInc
 .text.GUI_UC__NumChars2NumBytes
                0x08008510       0x28 ../Middlewares/ST/STemWin/Lib\STemWin_CM7_wc32_ot_ARGB.a(GUI_UC.o)
                0x08008510                GUI_UC__NumChars2NumBytes
 .text._GetCharCode
                0x08008538        0x4 ../Middlewares/ST/STemWin/Lib\STemWin_CM7_wc32_ot_ARGB.a(GUI_UC_EncodeNone.o)
 .text._GetCharSize
                0x0800853c        0x4 ../Middlewares/ST/STemWin/Lib\STemWin_CM7_wc32_ot_ARGB.a(GUI_UC_EncodeNone.o)
 .text._CalcSizeOfChar
                0x08008540        0x4 ../Middlewares/ST/STemWin/Lib\STemWin_CM7_wc32_ot_ARGB.a(GUI_UC_EncodeNone.o)
 .text._Encode  0x08008544        0x8 ../Middlewares/ST/STemWin/Lib\STemWin_CM7_wc32_ot_ARGB.a(GUI_UC_EncodeNone.o)
 .text.GUI_SignalEvent
                0x0800854c       0x10 ../Middlewares/ST/STemWin/Lib\STemWin_CM7_wc32_ot_ARGB.a(GUI_WaitEvent.o)
                0x0800854c                GUI_SignalEvent
 .text.GUI__MixColorsBulk
                0x0800855c       0x94 ../Middlewares/ST/STemWin/Lib\STemWin_CM7_wc32_ot_ARGB.a(GUI__Alpha.o)
                0x0800855c                GUI__MixColorsBulk
 .text.GUI__MixColors
                0x080085f0       0x58 ../Middlewares/ST/STemWin/Lib\STemWin_CM7_wc32_ot_ARGB.a(GUI__Alpha.o)
                0x080085f0                GUI__MixColors
 .text._OnExit  0x08008648       0x28 ../Middlewares/ST/STemWin/Lib\STemWin_CM7_wc32_ot_ARGB.a(GUI__Alpha.o)
 .text.GUI__DoAlphaBlending
                0x08008670      0x27c ../Middlewares/ST/STemWin/Lib\STemWin_CM7_wc32_ot_ARGB.a(GUI__Alpha.o)
                0x08008670                GUI__DoAlphaBlending
 .text.GUI__AllocAlphaBuffer
                0x080088ec       0x9c ../Middlewares/ST/STemWin/Lib\STemWin_CM7_wc32_ot_ARGB.a(GUI__Alpha.o)
                0x080088ec                GUI__AllocAlphaBuffer
 .text.GUI_SetFuncDrawAlpha
                0x08008988       0x28 ../Middlewares/ST/STemWin/Lib\STemWin_CM7_wc32_ot_ARGB.a(GUI__Alpha.o)
                0x08008988                GUI_SetFuncDrawAlpha
 .text.GUI__CompactPixelIndices
                0x080089b0      0x1a8 ../Middlewares/ST/STemWin/Lib\STemWin_CM7_wc32_ot_ARGB.a(GUI__CompactPixelIndices.o)
                0x080089b0                GUI__CompactPixelIndices
 .text.GUI__CompactPixelIndicesEx
                0x08008b58      0x18c ../Middlewares/ST/STemWin/Lib\STemWin_CM7_wc32_ot_ARGB.a(GUI__CompactPixelIndices.o)
                0x08008b58                GUI__CompactPixelIndicesEx
 .text.GUI__ExpandPixelIndicesEx
                0x08008ce4      0x188 ../Middlewares/ST/STemWin/Lib\STemWin_CM7_wc32_ot_ARGB.a(GUI__ExpandPixelIndices.o)
                0x08008ce4                GUI__ExpandPixelIndicesEx
 .text.GUI__IntersectRect
                0x08008e6c       0x3c ../Middlewares/ST/STemWin/Lib\STemWin_CM7_wc32_ot_ARGB.a(GUI__Private.o)
                0x08008e6c                GUI__IntersectRect
 .text.GUI__IntersectRects
                0x08008ea8       0x58 ../Middlewares/ST/STemWin/Lib\STemWin_CM7_wc32_ot_ARGB.a(GUI__Private.o)
                0x08008ea8                GUI__IntersectRects
 .text.GUI__memset
                0x08008f00       0x80 ../Middlewares/ST/STemWin/Lib\STemWin_CM7_wc32_ot_ARGB.a(GUI__Private.o)
                0x08008f00                GUI__memset
 .text.GUI__ReduceRect
                0x08008f80       0x20 ../Middlewares/ST/STemWin/Lib\STemWin_CM7_wc32_ot_ARGB.a(GUI__Private.o)
                0x08008f80                GUI__ReduceRect
 .text._SetBkColor
                0x08008fa0       0x38 ../Middlewares/ST/STemWin/Lib\STemWin_CM7_wc32_ot_ARGB.a(LCD.o)
 .text._SetColor
                0x08008fd8       0x38 ../Middlewares/ST/STemWin/Lib\STemWin_CM7_wc32_ot_ARGB.a(LCD.o)
 .text._SetDrawMode
                0x08009010       0x30 ../Middlewares/ST/STemWin/Lib\STemWin_CM7_wc32_ot_ARGB.a(LCD.o)
 .text.LCD_SetDrawMode
                0x08009040        0xc ../Middlewares/ST/STemWin/Lib\STemWin_CM7_wc32_ot_ARGB.a(LCD.o)
                0x08009040                LCD_SetDrawMode
 .text.LCD_DrawPixel
                0x0800904c       0x64 ../Middlewares/ST/STemWin/Lib\STemWin_CM7_wc32_ot_ARGB.a(LCD.o)
                0x0800904c                LCD_DrawPixel
 .text.LCD_DrawHLine
                0x080090b0       0x50 ../Middlewares/ST/STemWin/Lib\STemWin_CM7_wc32_ot_ARGB.a(LCD.o)
                0x080090b0                LCD_DrawHLine
 .text.LCD_DrawVLine
                0x08009100       0x50 ../Middlewares/ST/STemWin/Lib\STemWin_CM7_wc32_ot_ARGB.a(LCD.o)
                0x08009100                LCD_DrawVLine
 .text.LCD_FillRect
                0x08009150       0x60 ../Middlewares/ST/STemWin/Lib\STemWin_CM7_wc32_ot_ARGB.a(LCD.o)
                0x08009150                LCD_FillRect
 .text.LCD__DrawBitmap_1bpp
                0x080091b0      0x21c ../Middlewares/ST/STemWin/Lib\STemWin_CM7_wc32_ot_ARGB.a(LCD.o)
                0x080091b0                LCD__DrawBitmap_1bpp
 .text.LCD_DrawBitmap
                0x080093cc      0x30c ../Middlewares/ST/STemWin/Lib\STemWin_CM7_wc32_ot_ARGB.a(LCD.o)
                0x080093cc                LCD_DrawBitmap
 .text.LCD_SetClipRectMax
                0x080096d8       0x1c ../Middlewares/ST/STemWin/Lib\STemWin_CM7_wc32_ot_ARGB.a(LCD.o)
                0x080096d8                LCD_SetClipRectMax
 .text.emWin_LCD_Init
                0x080096f4      0x110 ../Middlewares/ST/STemWin/Lib\STemWin_CM7_wc32_ot_ARGB.a(LCD.o)
                0x080096f4                emWin_LCD_Init
 .text.LCD_Color2Index
                0x08009804       0x1c ../Middlewares/ST/STemWin/Lib\STemWin_CM7_wc32_ot_ARGB.a(LCD.o)
                0x08009804                LCD_Color2Index
 .text.LCD_Index2Color
                0x08009820       0x1c ../Middlewares/ST/STemWin/Lib\STemWin_CM7_wc32_ot_ARGB.a(LCD.o)
                0x08009820                LCD_Index2Color
 .text.LCD_SetColorIndex
                0x0800983c       0x18 ../Middlewares/ST/STemWin/Lib\STemWin_CM7_wc32_ot_ARGB.a(LCD.o)
                0x0800983c                LCD_SetColorIndex
 .text.LCD_SetBkColorIndex
                0x08009854       0x18 ../Middlewares/ST/STemWin/Lib\STemWin_CM7_wc32_ot_ARGB.a(LCD.o)
                0x08009854                LCD_SetBkColorIndex
 .text.LCD_SetBkColor
                0x0800986c        0xc ../Middlewares/ST/STemWin/Lib\STemWin_CM7_wc32_ot_ARGB.a(LCD.o)
                0x0800986c                LCD_SetBkColor
 .text.LCD_SetColor
                0x08009878        0xc ../Middlewares/ST/STemWin/Lib\STemWin_CM7_wc32_ot_ARGB.a(LCD.o)
                0x08009878                LCD_SetColor
 .text._OnExit  0x08009884       0x1c ../Middlewares/ST/STemWin/Lib\STemWin_CM7_wc32_ot_ARGB.a(LCD_Color.o)
 .text.LCD_InitColors
                0x080098a0       0x40 ../Middlewares/ST/STemWin/Lib\STemWin_CM7_wc32_ot_ARGB.a(LCD_Color.o)
                0x080098a0                LCD_InitColors
 .text.LCD_GetpPalConvTableBM
                0x080098e0       0x74 ../Middlewares/ST/STemWin/Lib\STemWin_CM7_wc32_ot_ARGB.a(LCD_Color.o)
                0x080098e0                LCD_GetpPalConvTableBM
 .text.LCD_InitLUT
                0x08009954       0x80 ../Middlewares/ST/STemWin/Lib\STemWin_CM7_wc32_ot_ARGB.a(LCD_Color.o)
                0x08009954                LCD_InitLUT
 .text.LCD_GetBkColorIndex
                0x080099d4       0x10 ../Middlewares/ST/STemWin/Lib\STemWin_CM7_wc32_ot_ARGB.a(LCD_GetColorIndex.o)
                0x080099d4                LCD_GetBkColorIndex
 .text.LCD_GetColorIndex
                0x080099e4       0x10 ../Middlewares/ST/STemWin/Lib\STemWin_CM7_wc32_ot_ARGB.a(LCD_GetColorIndex.o)
                0x080099e4                LCD_GetColorIndex
 .text.LCD_GetXSizeEx
                0x080099f4       0x20 ../Middlewares/ST/STemWin/Lib\STemWin_CM7_wc32_ot_ARGB.a(LCD_GetEx.o)
                0x080099f4                LCD_GetXSizeEx
 .text.LCD_GetYSizeEx
                0x08009a14       0x20 ../Middlewares/ST/STemWin/Lib\STemWin_CM7_wc32_ot_ARGB.a(LCD_GetEx.o)
                0x08009a14                LCD_GetYSizeEx
 .text.LCD_GetVXSizeEx
                0x08009a34       0x20 ../Middlewares/ST/STemWin/Lib\STemWin_CM7_wc32_ot_ARGB.a(LCD_GetEx.o)
                0x08009a34                LCD_GetVXSizeEx
 .text.LCD_GetVYSizeEx
                0x08009a54       0x20 ../Middlewares/ST/STemWin/Lib\STemWin_CM7_wc32_ot_ARGB.a(LCD_GetEx.o)
                0x08009a54                LCD_GetVYSizeEx
 .text.LCD_GetBitsPerPixelEx
                0x08009a74       0x20 ../Middlewares/ST/STemWin/Lib\STemWin_CM7_wc32_ot_ARGB.a(LCD_GetEx.o)
                0x08009a74                LCD_GetBitsPerPixelEx
 .text.LCD_GetNumColorsEx
                0x08009a94       0x20 ../Middlewares/ST/STemWin/Lib\STemWin_CM7_wc32_ot_ARGB.a(LCD_GetEx.o)
                0x08009a94                LCD_GetNumColorsEx
 .text.LCD_GetMirrorXEx
                0x08009ab4       0x20 ../Middlewares/ST/STemWin/Lib\STemWin_CM7_wc32_ot_ARGB.a(LCD_GetEx.o)
                0x08009ab4                LCD_GetMirrorXEx
 .text.LCD_GetMirrorYEx
                0x08009ad4       0x20 ../Middlewares/ST/STemWin/Lib\STemWin_CM7_wc32_ot_ARGB.a(LCD_GetEx.o)
                0x08009ad4                LCD_GetMirrorYEx
 .text.LCD_GetSwapXYEx
                0x08009af4       0x20 ../Middlewares/ST/STemWin/Lib\STemWin_CM7_wc32_ot_ARGB.a(LCD_GetEx.o)
                0x08009af4                LCD_GetSwapXYEx
 .text.LCD_GetXSize
                0x08009b14       0x2c ../Middlewares/ST/STemWin/Lib\STemWin_CM7_wc32_ot_ARGB.a(LCD_GetEx.o)
                0x08009b14                LCD_GetXSize
 .text.LCD_GetYSize
                0x08009b40       0x2c ../Middlewares/ST/STemWin/Lib\STemWin_CM7_wc32_ot_ARGB.a(LCD_GetEx.o)
                0x08009b40                LCD_GetYSize
 .text.LCD_GetNumColors
                0x08009b6c       0x2c ../Middlewares/ST/STemWin/Lib\STemWin_CM7_wc32_ot_ARGB.a(LCD_GetEx.o)
                0x08009b6c                LCD_GetNumColors
 .text.GUI_GetBitsPerPixelEx
                0x08009b98       0x14 ../Middlewares/ST/STemWin/Lib\STemWin_CM7_wc32_ot_ARGB.a(LCD_GetEx.o)
                0x08009b98                GUI_GetBitsPerPixelEx
 .text.LCD_GetPalette
                0x08009bac       0x20 ../Middlewares/ST/STemWin/Lib\STemWin_CM7_wc32_ot_ARGB.a(LCD_GetEx.o)
                0x08009bac                LCD_GetPalette
 .text.GUI_GetpfIndex2ColorEx
                0x08009bcc       0x10 ../Middlewares/ST/STemWin/Lib\STemWin_CM7_wc32_ot_ARGB.a(LCD_GetEx.o)
                0x08009bcc                GUI_GetpfIndex2ColorEx
 .text.GUI_GetpfColor2IndexEx
                0x08009bdc       0x10 ../Middlewares/ST/STemWin/Lib\STemWin_CM7_wc32_ot_ARGB.a(LCD_GetEx.o)
                0x08009bdc                GUI_GetpfColor2IndexEx
 .text.LCD_GetXSizeMax
                0x08009bec       0x34 ../Middlewares/ST/STemWin/Lib\STemWin_CM7_wc32_ot_ARGB.a(LCD_GetEx.o)
                0x08009bec                LCD_GetXSizeMax
 .text.LCD_GetYSizeMax
                0x08009c20       0x34 ../Middlewares/ST/STemWin/Lib\STemWin_CM7_wc32_ot_ARGB.a(LCD_GetEx.o)
                0x08009c20                LCD_GetYSizeMax
 .text.LCD_GetVXSizeMax
                0x08009c54       0x34 ../Middlewares/ST/STemWin/Lib\STemWin_CM7_wc32_ot_ARGB.a(LCD_GetEx.o)
                0x08009c54                LCD_GetVXSizeMax
 .text.LCD_SetDisplaySize
                0x08009c88        0xc ../Middlewares/ST/STemWin/Lib\STemWin_CM7_wc32_ot_ARGB.a(LCD_GetEx.o)
                0x08009c88                LCD_SetDisplaySize
 .text.LCD_GetXSizeDisplay
                0x08009c94        0xc ../Middlewares/ST/STemWin/Lib\STemWin_CM7_wc32_ot_ARGB.a(LCD_GetEx.o)
                0x08009c94                LCD_GetXSizeDisplay
 .text.LCD_GetYSizeDisplay
                0x08009ca0        0xc ../Middlewares/ST/STemWin/Lib\STemWin_CM7_wc32_ot_ARGB.a(LCD_GetEx.o)
                0x08009ca0                LCD_GetYSizeDisplay
 .text.LCD__GetBPPDevice
                0x08009cac       0x68 ../Middlewares/ST/STemWin/Lib\STemWin_CM7_wc32_ot_ARGB.a(LCD_GetEx.o)
                0x08009cac                LCD__GetBPPDevice
 .text.LCD_GetNumLayers
                0x08009d14       0x20 ../Middlewares/ST/STemWin/Lib\STemWin_CM7_wc32_ot_ARGB.a(LCD_GetNumDisplays.o)
                0x08009d14                LCD_GetNumLayers
 .text.LCD_ReadRectEx
                0x08009d34      0x220 ../Middlewares/ST/STemWin/Lib\STemWin_CM7_wc32_ot_ARGB.a(LCD_ReadRect.o)
 .text.GUI_ReadRectEx
                0x08009f54       0x60 ../Middlewares/ST/STemWin/Lib\STemWin_CM7_wc32_ot_ARGB.a(LCD_ReadRect.o)
                0x08009f54                GUI_ReadRectEx
 .text.LCD_SelectLCD
                0x08009fb4       0x44 ../Middlewares/ST/STemWin/Lib\STemWin_CM7_wc32_ot_ARGB.a(LCD_SelectLCD.o)
                0x08009fb4                LCD_SelectLCD
 .text.LCD_GetPosEx
                0x08009ff8       0x34 ../Middlewares/ST/STemWin/Lib\STemWin_CM7_wc32_ot_ARGB.a(LCD_Set.o)
                0x08009ff8                LCD_GetPosEx
 .text.LCD_SetDevFunc
                0x0800a02c       0x34 ../Middlewares/ST/STemWin/Lib\STemWin_CM7_wc32_ot_ARGB.a(LCD_Set.o)
                0x0800a02c                LCD_SetDevFunc
 .text.LCD_SetLUTEntryEx
                0x0800a060       0x34 ../Middlewares/ST/STemWin/Lib\STemWin_CM7_wc32_ot_ARGB.a(LCD_Set.o)
                0x0800a060                LCD_SetLUTEntryEx
 .text.LCD_SetSizeEx
                0x0800a094       0x34 ../Middlewares/ST/STemWin/Lib\STemWin_CM7_wc32_ot_ARGB.a(LCD_Set.o)
                0x0800a094                LCD_SetSizeEx
 .text.LCD_SetVRAMAddrEx
                0x0800a0c8       0x30 ../Middlewares/ST/STemWin/Lib\STemWin_CM7_wc32_ot_ARGB.a(LCD_Set.o)
                0x0800a0c8                LCD_SetVRAMAddrEx
 .text.LCD_SetVSizeEx
                0x0800a0f8       0x34 ../Middlewares/ST/STemWin/Lib\STemWin_CM7_wc32_ot_ARGB.a(LCD_Set.o)
                0x0800a0f8                LCD_SetVSizeEx
 .text.LCD_UpdateColorIndices
                0x0800a12c       0x24 ../Middlewares/ST/STemWin/Lib\STemWin_CM7_wc32_ot_ARGB.a(LCD_UpdateColorIndices.o)
                0x0800a12c                LCD_UpdateColorIndices
 .text._GetRect
                0x0800a150       0x18 ../Middlewares/ST/STemWin/Lib\STemWin_CM7_wc32_ot_ARGB.a(GUIDRV_Lin_24.o)
 .text._SetPixelIndex
                0x0800a168       0x98 ../Middlewares/ST/STemWin/Lib\STemWin_CM7_wc32_ot_ARGB.a(GUIDRV_Lin_24.o)
 .text._GetPixelIndex
                0x0800a200       0x68 ../Middlewares/ST/STemWin/Lib\STemWin_CM7_wc32_ot_ARGB.a(GUIDRV_Lin_24.o)
 .text._GetDevProp
                0x0800a268       0x3c ../Middlewares/ST/STemWin/Lib\STemWin_CM7_wc32_ot_ARGB.a(GUIDRV_Lin_24.o)
 .text._GetDevData
                0x0800a2a4       0x10 ../Middlewares/ST/STemWin/Lib\STemWin_CM7_wc32_ot_ARGB.a(GUIDRV_Lin_24.o)
 .text._GetDevFunc
                0x0800a2b4       0xe0 ../Middlewares/ST/STemWin/Lib\STemWin_CM7_wc32_ot_ARGB.a(GUIDRV_Lin_24.o)
 .text._SetChroma
                0x0800a394       0x18 ../Middlewares/ST/STemWin/Lib\STemWin_CM7_wc32_ot_ARGB.a(GUIDRV_Lin_24.o)
 .text._SetChromaMode
                0x0800a3ac       0x18 ../Middlewares/ST/STemWin/Lib\STemWin_CM7_wc32_ot_ARGB.a(GUIDRV_Lin_24.o)
 .text._SetAlphaMode
                0x0800a3c4       0x18 ../Middlewares/ST/STemWin/Lib\STemWin_CM7_wc32_ot_ARGB.a(GUIDRV_Lin_24.o)
 .text._Off     0x0800a3dc        0xc ../Middlewares/ST/STemWin/Lib\STemWin_CM7_wc32_ot_ARGB.a(GUIDRV_Lin_24.o)
 .text._On      0x0800a3e8        0xc ../Middlewares/ST/STemWin/Lib\STemWin_CM7_wc32_ot_ARGB.a(GUIDRV_Lin_24.o)
 .text._SetOrg  0x0800a3f4       0xd0 ../Middlewares/ST/STemWin/Lib\STemWin_CM7_wc32_ot_ARGB.a(GUIDRV_Lin_24.o)
 .text._FillRect
                0x0800a4c4      0x67c ../Middlewares/ST/STemWin/Lib\STemWin_CM7_wc32_ot_ARGB.a(GUIDRV_Lin_24.o)
 .text._DrawHLine
                0x0800ab40       0x10 ../Middlewares/ST/STemWin/Lib\STemWin_CM7_wc32_ot_ARGB.a(GUIDRV_Lin_24.o)
 .text._DrawVLine
                0x0800ab50       0x14 ../Middlewares/ST/STemWin/Lib\STemWin_CM7_wc32_ot_ARGB.a(GUIDRV_Lin_24.o)
 .text._Init    0x0800ab64       0x30 ../Middlewares/ST/STemWin/Lib\STemWin_CM7_wc32_ot_ARGB.a(GUIDRV_Lin_24.o)
 .text._SetVRAM_BufferPTR
                0x0800ab94       0x2c ../Middlewares/ST/STemWin/Lib\STemWin_CM7_wc32_ot_ARGB.a(GUIDRV_Lin_24.o)
 .text._GetPos  0x0800abc0       0x30 ../Middlewares/ST/STemWin/Lib\STemWin_CM7_wc32_ot_ARGB.a(GUIDRV_Lin_24.o)
 .text._ShowBuffer
                0x0800abf0       0x3c ../Middlewares/ST/STemWin/Lib\STemWin_CM7_wc32_ot_ARGB.a(GUIDRV_Lin_24.o)
 .text._SetAlpha
                0x0800ac2c       0x40 ../Middlewares/ST/STemWin/Lib\STemWin_CM7_wc32_ot_ARGB.a(GUIDRV_Lin_24.o)
 .text._SetVis  0x0800ac6c       0x40 ../Middlewares/ST/STemWin/Lib\STemWin_CM7_wc32_ot_ARGB.a(GUIDRV_Lin_24.o)
 .text._SetVRAMAddr
                0x0800acac       0x40 ../Middlewares/ST/STemWin/Lib\STemWin_CM7_wc32_ot_ARGB.a(GUIDRV_Lin_24.o)
 .text._SetVSize
                0x0800acec       0x38 ../Middlewares/ST/STemWin/Lib\STemWin_CM7_wc32_ot_ARGB.a(GUIDRV_Lin_24.o)
 .text._SetDevFunc
                0x0800ad24       0x6c ../Middlewares/ST/STemWin/Lib\STemWin_CM7_wc32_ot_ARGB.a(GUIDRV_Lin_24.o)
 .text._SetSize
                0x0800ad90       0x5c ../Middlewares/ST/STemWin/Lib\STemWin_CM7_wc32_ot_ARGB.a(GUIDRV_Lin_24.o)
 .text._CopyBuffer
                0x0800adec       0x84 ../Middlewares/ST/STemWin/Lib\STemWin_CM7_wc32_ot_ARGB.a(GUIDRV_Lin_24.o)
 .text._DrawBitmap
                0x0800ae70      0xfe4 ../Middlewares/ST/STemWin/Lib\STemWin_CM7_wc32_ot_ARGB.a(GUIDRV_Lin_24.o)
 .text._SetPos  0x0800be54      0x178 ../Middlewares/ST/STemWin/Lib\STemWin_CM7_wc32_ot_ARGB.a(GUIDRV_Lin_24.o)
 .text._XorPixel
                0x0800bfcc       0xfc ../Middlewares/ST/STemWin/Lib\STemWin_CM7_wc32_ot_ARGB.a(GUIDRV_Lin_24.o)
 .text._GetDevData
                0x0800c0c8       0x10 ../Middlewares/ST/STemWin/Lib\STemWin_CM7_wc32_ot_ARGB.a(GUIDEV_32.o)
 .text._GetDevFunc
                0x0800c0d8       0x10 ../Middlewares/ST/STemWin/Lib\STemWin_CM7_wc32_ot_ARGB.a(GUIDEV_32.o)
 .text._GetDevProp
                0x0800c0e8        0xc ../Middlewares/ST/STemWin/Lib\STemWin_CM7_wc32_ot_ARGB.a(GUIDEV_32.o)
 .text._SetOrg  0x0800c0f4        0x8 ../Middlewares/ST/STemWin/Lib\STemWin_CM7_wc32_ot_ARGB.a(GUIDEV_32.o)
 .text._GetRect
                0x0800c0fc       0x38 ../Middlewares/ST/STemWin/Lib\STemWin_CM7_wc32_ot_ARGB.a(GUIDEV_32.o)
 .text._DrawBitmap
                0x0800c134      0x9c0 ../Middlewares/ST/STemWin/Lib\STemWin_CM7_wc32_ot_ARGB.a(GUIDEV_32.o)
 .text._GetPixelIndex
                0x0800caf4       0x40 ../Middlewares/ST/STemWin/Lib\STemWin_CM7_wc32_ot_ARGB.a(GUIDEV_32.o)
 .text._SetPixelIndex
                0x0800cb34       0x78 ../Middlewares/ST/STemWin/Lib\STemWin_CM7_wc32_ot_ARGB.a(GUIDEV_32.o)
 .text._XorPixel
                0x0800cbac       0x84 ../Middlewares/ST/STemWin/Lib\STemWin_CM7_wc32_ot_ARGB.a(GUIDEV_32.o)
 .text._FillRect
                0x0800cc30       0xec ../Middlewares/ST/STemWin/Lib\STemWin_CM7_wc32_ot_ARGB.a(GUIDEV_32.o)
 .text._DrawHLine
                0x0800cd1c       0x10 ../Middlewares/ST/STemWin/Lib\STemWin_CM7_wc32_ot_ARGB.a(GUIDEV_32.o)
 .text._DrawVLine
                0x0800cd2c       0xe4 ../Middlewares/ST/STemWin/Lib\STemWin_CM7_wc32_ot_ARGB.a(GUIDEV_32.o)
 .text.GUI_USAGE_DecUseCnt
                0x0800ce10       0x2c ../Middlewares/ST/STemWin/Lib\STemWin_CM7_wc32_ot_ARGB.a(GUIDEV_Usage.o)
                0x0800ce10                GUI_USAGE_DecUseCnt
 .text.GUI_USAGE_AddRect
                0x0800ce3c       0x24 ../Middlewares/ST/STemWin/Lib\STemWin_CM7_wc32_ot_ARGB.a(GUIDEV_Usage.o)
                0x0800ce3c                GUI_USAGE_AddRect
 .text._WriteToActiveAlpha
                0x0800ce60      0x198 ../Middlewares/ST/STemWin/Lib\STemWin_CM7_wc32_ot_ARGB.a(GUIDEV_WriteToActiveAlpha.o)
 .text.GUI_MEMDEV__WriteToActiveAlpha
                0x0800cff8      0x194 ../Middlewares/ST/STemWin/Lib\STemWin_CM7_wc32_ot_ARGB.a(GUIDEV_WriteToActiveAlpha.o)
                0x0800cff8                GUI_MEMDEV__WriteToActiveAlpha
 .text._OnExit  0x0800d18c       0xa0 ../Middlewares/ST/STemWin/Lib\STemWin_CM7_wc32_ot_ARGB.a(WM.o)
 .text._Findy1  0x0800d22c       0xd0 ../Middlewares/ST/STemWin/Lib\STemWin_CM7_wc32_ot_ARGB.a(WM.o)
 .text._Findx0  0x0800d2fc       0xa4 ../Middlewares/ST/STemWin/Lib\STemWin_CM7_wc32_ot_ARGB.a(WM.o)
 .text._Findx1  0x0800d3a0       0x90 ../Middlewares/ST/STemWin/Lib\STemWin_CM7_wc32_ot_ARGB.a(WM.o)
 .text._Paint1Trans
                0x0800d430       0xc0 ../Middlewares/ST/STemWin/Lib\STemWin_CM7_wc32_ot_ARGB.a(WM.o)
 .text._PaintTransChildren
                0x0800d4f0       0xd8 ../Middlewares/ST/STemWin/Lib\STemWin_CM7_wc32_ot_ARGB.a(WM.o)
 .text._Findx0.constprop.10
                0x0800d5c8       0x8c ../Middlewares/ST/STemWin/Lib\STemWin_CM7_wc32_ot_ARGB.a(WM.o)
 .text._Findy1.constprop.11
                0x0800d654       0xa8 ../Middlewares/ST/STemWin/Lib\STemWin_CM7_wc32_ot_ARGB.a(WM.o)
 .text.WM__PaintWinAndOverlays