STemwin_wrapper.c:196:13:TransferComplete	0	static
STemwin_wrapper.c:533:12:GetBufferSize	0	static
STemwin_wrapper.c:143:13:_DMA_ExecOperation	0	static
STemwin_wrapper.c:340:13:_DMA_ConvertColor	24	static
STemwin_wrapper.c:656:13:_DMA_DrawAlphaBitmap	32	static
STemwin_wrapper.c:700:13:_LCD_DrawMemdevAlpha	40	static
STemwin_wrapper.c:158:12:GetPixelformat	0	static
STemwin_wrapper.c:228:13:DMA2D_CopyBuffer	32	static
STemwin_wrapper.c:545:13:LCD_LL_CopyBuffer	40	static
STemwin_wrapper.c:567:13:LCD_LL_CopyRect	32	static
STemwin_wrapper.c:719:6:LCD_LL_DrawBitmap16bpp	40	static
STemwin_wrapper.c:731:13:LCD_LL_DrawBitmap32bpp	32	static
STemwin_wrapper.c:683:13:_LCD_DrawBitmapAlpha	48	static
STemwin_wrapper.c:754:13:LCD_LL_DrawBitmap8bpp	48	static
STemwin_wrapper.c:137:1:_Color2IndexBulk_M4444I_DMA2D	16	static
STemwin_wrapper.c:587:13:LCD_LL_FillRect	32	static
STemwin_wrapper.c:133:1:_Index2ColorBulk_M8888I_DMA2D	16	static
STemwin_wrapper.c:134:1:_Color2IndexBulk_M888_DMA2D	16	static
STemwin_wrapper.c:133:1:_Color2IndexBulk_M8888I_DMA2D	16	static
STemwin_wrapper.c:134:1:_Index2ColorBulk_M888_DMA2D	16	static
STemwin_wrapper.c:135:1:_Color2IndexBulk_M565_DMA2D	16	static
STemwin_wrapper.c:135:1:_Index2ColorBulk_M565_DMA2D	16	static
STemwin_wrapper.c:136:1:_Color2IndexBulk_M1555I_DMA2D	16	static
STemwin_wrapper.c:136:1:_Index2ColorBulk_M1555I_DMA2D	16	static
STemwin_wrapper.c:137:1:_Index2ColorBulk_M4444I_DMA2D	16	static
STemwin_wrapper.c:206:6:DMA2D_Init	8	static
STemwin_wrapper.c:774:6:HAL_LTDC_LineEventCallback	16	static
STemwin_wrapper.c:808:6:LCD_X_Config	8	static
STemwin_wrapper.c:895:5:LCD_X_DisplayDriver	24	static
STemwin_wrapper.c:981:6:GRAPHICS_IncTick	0	static
STemwin_wrapper.c:986:6:GRAPHICS_HW_Init	8	static
STemwin_wrapper.c:996:6:GRAPHICS_Init	8	static
