stm32f7xx_hal_msp.c:67:6:HAL_MspInit	8	static
stm32f7xx_hal_msp.c:89:6:HAL_ADC_MspInit	40	static
stm32f7xx_hal_msp.c:123:6:HAL_ADC_MspDeInit	0	static
stm32f7xx_hal_msp.c:152:6:HAL_CRC_MspInit	8	static
stm32f7xx_hal_msp.c:174:6:HAL_CRC_MspDeInit	0	static
stm32f7xx_hal_msp.c:196:6:HAL_I2C_MspInit	48	static
stm32f7xx_hal_msp.c:256:6:HAL_I2C_MspDeInit	0	static
stm32f7xx_hal_msp.c:303:6:HAL_RNG_MspInit	8	static
stm32f7xx_hal_msp.c:325:6:HAL_RNG_MspDeInit	0	static
stm32f7xx_hal_msp.c:347:6:HAL_RTC_MspInit	0	static
stm32f7xx_hal_msp.c:369:6:HAL_RTC_MspDeInit	0	static
stm32f7xx_hal_msp.c:391:6:HAL_SD_MspInit	56	static
stm32f7xx_hal_msp.c:470:6:HAL_SD_MspDeInit	8	static
stm32f7xx_hal_msp.c:512:6:HAL_SPI_MspInit	80	static
stm32f7xx_hal_msp.c:632:6:HAL_SPI_MspDeInit	8	static
stm32f7xx_hal_msp.c:708:6:HAL_TIM_Base_MspInit	32	static
stm32f7xx_hal_msp.c:783:6:HAL_TIM_MspPostInit	40	static
stm32f7xx_hal_msp.c:835:6:HAL_TIM_Base_MspDeInit	0	static
stm32f7xx_hal_msp.c:916:6:HAL_UART_MspInit	56	static
stm32f7xx_hal_msp.c:1009:6:HAL_UART_MspDeInit	8	static
