stm32f7xx_it.c:83:6:NMI_Handler	0	static
stm32f7xx_it.c:96:6:HardFault_Handler	0	static
stm32f7xx_it.c:111:6:MemManage_Handler	0	static
stm32f7xx_it.c:126:6:BusFault_Handler	0	static
stm32f7xx_it.c:141:6:UsageFault_Handler	0	static
stm32f7xx_it.c:156:6:SVC_Handler	0	static
stm32f7xx_it.c:169:6:DebugMon_Handler	0	static
stm32f7xx_it.c:182:6:PendSV_Handler	0	static
stm32f7xx_it.c:195:6:SysTick_Handler	8	static
stm32f7xx_it.c:217:6:TIM1_UP_TIM10_IRQHandler	0	static
stm32f7xx_it.c:231:6:TIM1_TRG_COM_TIM11_IRQHandler	0	static
stm32f7xx_it.c:245:6:TIM3_IRQHandler	0	static
stm32f7xx_it.c:259:6:USART1_IRQHandler	0	static
stm32f7xx_it.c:273:6:USART2_IRQHandler	0	static
stm32f7xx_it.c:287:6:USART3_IRQHandler	0	static
stm32f7xx_it.c:301:6:SDMMC1_IRQHandler	0	static
stm32f7xx_it.c:315:6:TIM5_IRQHandler	0	static
stm32f7xx_it.c:329:6:TIM7_IRQHandler	0	static
stm32f7xx_it.c:343:6:DMA2_Stream3_IRQHandler	0	static
stm32f7xx_it.c:357:6:LTDC_IRQHandler	0	static
stm32f7xx_it.c:371:6:DMA2D_IRQHandler	0	static
