deflate.c:628:12:putShortMSB	8	static
deflate.c:1148:12:longest_match	56	static
deflate.c:1390:12:fill_window	48	static
deflate.c:642:12:flush_pending	16	static
deflate.c:1730:19:deflate_slow	40	static
deflate.c:1628:19:deflate_fast	56	static
deflate.c:1564:19:deflate_stored	24	static
deflate.c:323:13:deflateSetDictionary	64	static
deflate.c:392:13:deflateResetKeep	16	static
deflate.c:427:13:deflateReset	16	static
deflate.c:439:13:deflateSetHeader	0	static
deflate.c:450:13:deflatePending	0	static
deflate.c:464:13:deflatePrime	32	static
deflate.c:531:13:deflateTune	0	static
deflate.c:566:15:deflateBound	20	static
deflate.c:665:13:deflate	32	static
deflate.c:490:13:deflateParams	16	static
deflate.c:979:13:deflateEnd	16	static
deflate.c:213:13:deflateInit2_	40	static
deflate.c:201:13:deflateInit_	24	static
deflate.c:1014:13:deflateCopy	24	static
