inflate.c:1354:16:syncsearch	16	static
inflate.c:379:11:updatewindow	24	static
inflate.c:104:13:inflateResetKeep	0	static
inflate.c:129:13:inflateReset	0	static
inflate.c:142:13:inflateReset2	24	static
inflate.c:180:13:inflateInit2_	24	static
inflate.c:222:13:inflateInit_	0	static
inflate.c:230:13:inflatePrime	12	static
inflate.c:605:13:inflate	88	static
inflate.c:1254:13:inflateEnd	8	static
inflate.c:1268:13:inflateGetDictionary	16	static
inflate.c:1291:13:inflateSetDictionary	24	static
inflate.c:1326:13:inflateGetHeader	0	static
inflate.c:1377:13:inflateSync	32	static
inflate.c:1428:13:inflateSyncPoint	0	static
inflate.c:1438:13:inflateCopy	24	static
inflate.c:1485:13:inflateUndermine	0	static
inflate.c:1502:14:inflateMark	0	static
