png.c:2789:1:png_pow10	0	static
png.c:72:1:png_zalloc	8	static
png.c:93:1:png_zfree	0	static
png.c:3860:1:png_build_16bit_table	96	static
png.c:4407:1:png_image_free_function	48	static
png.c:1551:1:png_colorspace_endpoints_match	12	static
png.c:1631:1:png_colorspace_set_xy_and_XYZ	40	static
png.c:1768:1:is_ICC_signature_char	0	static
png.c:1784:1:png_icc_profile_error	272	static
png.c:27:1:png_set_sig_bytes	8	static
png.c:49:1:png_sig_cmp	24	static
png.c:102:1:png_reset_crc	8	static
png.c:114:1:png_calculate_crc	8	static
png.c:166:1:png_user_version_check	144	static
png.c:222:1:png_create_png_struct	888	static
png.c:326:1:png_create_info_struct	8	static
png.c:396:1:png_info_init_3	16	static
png.c:423:1:png_data_freer	8	static
png.c:442:1:png_free_data	32	static
png.c:359:1:png_destroy_info_struct	16	static
png.c:641:1:png_get_io_ptr	0	static
png.c:677:1:png_save_int_32	0	static
png.c:691:1:png_convert_to_rfc1123_buffer	24	static
png.c:744:1:png_convert_to_rfc1123	16	static
png.c:764:1:png_get_copyright	0	static
png.c:795:1:png_get_libpng_ver	0	static
png.c:802:1:png_get_header_ver	0	static
png.c:810:1:png_get_header_version	0	static
png.c:833:1:png_build_grayscale_palette	12	static
png.c:884:1:png_handle_as_unknown	16	static
png.c:919:1:png_chunk_unknown_handling	16	static
png.c:932:1:png_reset_zstream	0	static
png.c:944:1:png_access_version_number	0	static
png.c:958:1:png_zstream_error	0	static
png.c:1129:1:png_colorspace_sync_info	4	static
png.c:1175:1:png_colorspace_sync	16	static
png.c:1931:1:png_icc_check_length	16	static
png.c:1942:1:png_icc_check_header	32	static
png.c:2125:1:png_icc_check_tag_table	56	static
png.c:2476:1:png_check_IHDR	32	static
png.c:2643:1:png_check_fp_number	20	static
png.c:2770:1:png_check_fp_string	24	static
png.c:2826:1:png_ascii_from_fp	104	static
png.c:3141:1:png_ascii_from_fixed	40	static
png.c:3219:1:png_fixed	8	static
png.c:3243:1:png_muldiv	0	static
png.c:1193:1:png_xy_from_XYZ	48	static
png.c:1577:1:png_colorspace_check_xy.part.8	40	static
png.c:2398:1:png_colorspace_set_rgb_coefficients	32	static
png.c:1030:1:png_colorspace_check_gamma	24	static
png.c:1074:1:png_colorspace_set_gamma	16	static
png.c:1833:1:png_colorspace_set_sRGB	32	static
png.c:2356:1:png_icc_set_sRGB	40	static
png.c:2371:1:png_colorspace_set_ICC	32	static
png.c:3363:1:png_muldiv_warn	24	static
png.c:3379:1:png_reciprocal	0	static
png.c:1236:1:png_XYZ_from_xy	40	static
png.c:1717:1:png_colorspace_set_endpoints	136	static
png.c:1679:1:png_colorspace_set_chromaticities	72	static
png.c:3400:1:png_gamma_significant	0	static
png.c:3434:1:png_reciprocal2	0	static
png.c:3752:1:png_gamma_8bit_correct	24	static
png.c:4005:1:png_build_8bit_table	16	static
png.c:3800:1:png_gamma_16bit_correct	24	static
png.c:3835:1:png_gamma_correct	8	static
png.c:4024:1:png_destroy_gamma_table	16	static
png.c:4084:1:png_build_gamma_table	56	static
png.c:4217:1:png_set_option	12	static
png.c:4467:1:png_image_free	16	static
png.c:4483:1:png_image_error	8	static
