pngerror.c:434:1:png_format_buffer.isra.0	24	static
pngerror.c:112:1:png_safecat	12	static
pngerror.c:133:1:png_format_number	32	static
pngerror.c:216:1:png_warning	0	static
pngerror.c:247:1:png_warning_parameter	4	static
pngerror.c:255:1:png_warning_parameter_unsigned	40	static
pngerror.c:263:1:png_warning_parameter_signed	48	static
pngerror.c:284:1:png_formatted_warning	216	static
pngerror.c:497:1:png_chunk_warning	224	static
pngerror.c:666:1:png_free_jmpbuf	112	static
pngerror.c:757:1:png_longjmp	8	static
pngerror.c:38:1:png_error	8	static
pngerror.c:392:1:png_app_warning	8	static
pngerror.c:405:1:png_app_error	8	static
pngerror.c:479:1:png_chunk_error	224	static
pngerror.c:514:1:png_chunk_benign_error	8	static
pngerror.c:531:1:png_chunk_report	0	static
pngerror.c:362:1:png_benign_error	8	static
pngerror.c:571:1:png_fixed_error	232	static
pngerror.c:597:1:png_set_longjmp_fn	16	static
pngerror.c:835:1:png_set_error_fn	0	static
pngerror.c:856:1:png_get_error_ptr	0	static
pngerror.c:884:1:png_safe_error	8	static
pngerror.c:921:1:png_safe_warning	8	static
pngerror.c:936:1:png_safe_execute	120	static
