pngget.c:317:1:ppi_from_ppm	16	static
pngget.c:20:1:png_get_valid	0	static
pngget.c:30:1:png_get_rowbytes	0	static
pngget.c:40:1:png_get_rows	0	static
pngget.c:52:1:png_get_image_width	0	static
pngget.c:61:1:png_get_image_height	0	static
pngget.c:70:1:png_get_bit_depth	0	static
pngget.c:79:1:png_get_color_type	0	static
pngget.c:88:1:png_get_filter_type	0	static
pngget.c:97:1:png_get_interlace_type	0	static
pngget.c:106:1:png_get_compression_type	0	static
pngget.c:115:1:png_get_x_pixels_per_meter	0	static
pngget.c:137:1:png_get_y_pixels_per_meter	0	static
pngget.c:159:1:png_get_pixels_per_meter	0	static
pngget.c:181:1:png_get_pixel_aspect_ratio	0	static
pngget.c:205:1:png_get_pixel_aspect_ratio_fixed	16	static
pngget.c:236:1:png_get_x_offset_microns	0	static
pngget.c:256:1:png_get_y_offset_microns	0	static
pngget.c:276:1:png_get_x_offset_pixels	0	static
pngget.c:296:1:png_get_y_offset_pixels	0	static
pngget.c:349:1:png_get_pixels_per_inch	8	static
pngget.c:355:1:png_get_x_pixels_per_inch	8	static
pngget.c:361:1:png_get_y_pixels_per_inch	8	static
pngget.c:379:1:png_get_x_offset_inches_fixed	8	static
pngget.c:389:1:png_get_y_offset_inches_fixed	8	static
pngget.c:399:1:png_get_x_offset_inches	8	static
pngget.c:410:1:png_get_y_offset_inches	8	static
pngget.c:421:1:png_get_pHYs_dpi	8	static
pngget.c:467:1:png_get_channels	0	static
pngget.c:477:1:png_get_signature	0	static
pngget.c:488:1:png_get_bKGD	0	static
pngget.c:512:1:png_get_cHRM	20	static
pngget.c:558:1:png_get_cHRM_XYZ	24	static
pngget.c:604:1:png_get_cHRM_XYZ_fixed	24	static
pngget.c:641:1:png_get_cHRM_fixed	20	static
pngget.c:678:1:png_get_gAMA_fixed	0	static
pngget.c:697:1:png_get_gAMA	0	static
pngget.c:718:1:png_get_sRGB	0	static
pngget.c:736:1:png_get_iCCP	12	static
pngget.c:763:1:png_get_sPLT	0	static
pngget.c:778:1:png_get_hIST	0	static
pngget.c:795:1:png_get_IHDR	40	static
pngget.c:834:1:png_get_oFFs	8	static
pngget.c:855:1:png_get_pCAL	20	static
pngget.c:885:1:png_get_sCAL_fixed	16	static
pngget.c:908:1:png_get_sCAL	16	static
pngget.c:924:1:png_get_sCAL_s	0	static
pngget.c:942:1:png_get_pHYs	8	static
pngget.c:976:1:png_get_PLTE	0	static
pngget.c:995:1:png_get_sBIT	0	static
pngget.c:1013:1:png_get_text	0	static
pngget.c:1039:1:png_get_tIME	0	static
pngget.c:1057:1:png_get_tRNS	8	static
pngget.c:1103:1:png_get_unknown_chunks	0	static
pngget.c:1118:1:png_get_rgb_to_gray_status	0	static
pngget.c:1126:1:png_get_user_chunk_ptr	0	static
pngget.c:1133:1:png_get_compression_buffer_size	0	static
pngget.c:1159:1:png_get_user_width_max	0	static
pngget.c:1165:1:png_get_user_height_max	0	static
pngget.c:1172:1:png_get_chunk_cache_max	0	static
pngget.c:1179:1:png_get_chunk_malloc_max	0	static
pngget.c:1188:1:png_get_io_state	0	static
pngget.c:1194:1:png_get_io_chunk_type	0	static
pngget.c:1203:1:png_get_palette_max	0	static
