pngpread.c:506:1:png_push_fill_buffer	16	static
pngpread.c:79:1:png_process_data_skip	8	static
pngpread.c:159:1:png_push_read_sig	24	static
pngpread.c:443:1:png_push_crc_skip	0	static
pngpread.c:549:1:png_push_save_buffer	16	static
pngpread.c:52:1:png_process_data_pause	8	static
pngpread.c:450:1:png_push_crc_finish	16	static
pngpread.c:608:1:png_push_restore_buffer	0	static
pngpread.c:1046:1:png_read_push_finish_row	24	static
pngpread.c:1109:1:png_push_have_info	0	static
pngpread.c:1116:1:png_push_have_end	0	static
pngpread.c:192:1:png_push_read_chunk	32	static
pngpread.c:1123:1:png_push_have_row	4	static
pngpread.c:817:1:png_push_process_row	40	static
pngpread.c:710:1:png_process_IDAT_data	16	static
pngpread.c:618:1:png_push_read_IDAT	24	static
pngpread.c:113:1:png_process_some_data	0	static
pngpread.c:37:1:png_process_data	16	static
pngpread.c:1131:1:png_progressive_combine_row	0	static
pngpread.c:1146:1:png_set_progressive_read_fn	8	static
pngpread.c:1161:1:png_get_progressive_ptr	0	static
