pngread.c:1514:1:png_image_memory_read	24	static
pngread.c:1582:1:png_image_skip_unused_chunks	8	static
pngread.c:1330:1:png_image_format.isra.0	0	static
pngread.c:1363:1:png_gamma_not_sRGB	0	static
pngread.c:1639:1:set_file_encoding	16	static
pngread.c:1734:1:png_create_colormap_entry	48	static
pngread.c:1975:1:make_ga_colormap	48	static
pngread.c:1963:1:make_gray_colormap	40	static
pngread.c:2030:1:make_rgb_colormap	56	static
pngread.c:1659:1:decode_gamma	16	static
pngread.c:1697:1:png_colormap_compose	24	static
pngread.c:2059:1:png_image_read_colormap	112	static
pngread.c:40:1:png_create_read_struct_2	24	static
pngread.c:25:1:png_create_read_struct	24	static
pngread.c:92:1:png_read_info	40	static
pngread.c:1382:1:png_image_read_header	24	static
pngread.c:259:1:png_read_update_info	16	static
pngread.c:290:1:png_start_read_image	0	static
pngread.c:375:1:png_read_row	48	static
pngread.c:3628:1:png_image_read_direct	80	static
pngread.c:3349:1:png_image_read_background	96	static
pngread.c:3222:1:png_image_read_composite	96	static
pngread.c:3089:1:png_image_read_colormapped	32	static
pngread.c:2900:1:png_image_read_and_map	80	static
pngread.c:636:1:png_read_rows	24	static
pngread.c:691:1:png_read_image	32	static
pngread.c:757:1:png_read_end	40	static
pngread.c:985:1:png_destroy_read_struct	16	static
pngread.c:1011:1:png_set_read_status_fn	0	static
pngread.c:1023:1:png_read_png	24	static
pngread.c:1543:12:png_image_begin_read_from_memory	40	static
pngread.c:4054:1:png_image_finish_read	80	static
