pngrutil.c:3730:1:png_read_filter_row_sub	12	static
pngrutil.c:3748:1:png_read_filter_row_up	8	static
pngrutil.c:3764:1:png_read_filter_row_avg	20	static
pngrutil.c:3791:1:png_read_filter_row_paeth_1byte_pixel	20	static
pngrutil.c:3839:1:png_read_filter_row_paeth_multibyte_pixel	24	static
pngrutil.c:332:1:png_inflate_claim	80	static
pngrutil.c:289:1:png_read_buffer	24	static
pngrutil.c:439:1:png_inflate.constprop	1064	static
pngrutil.c:564:1:png_decompress_chunk.constprop	72	static
pngrutil.c:41:1:png_get_fixed_point.constprop	0	static
pngrutil.c:22:1:png_get_uint_31	8	static
pngrutil.c:68:1:png_get_uint_32	0	static
pngrutil.c:85:1:png_get_int_32	0	static
pngrutil.c:97:1:png_get_uint_16	0	static
pngrutil.c:115:1:png_read_sig	24	static
pngrutil.c:187:1:png_crc_read	16	static
pngrutil.c:728:1:png_inflate_read.constprop	32	static
pngrutil.c:242:1:png_crc_error	24	static
pngrutil.c:202:1:png_crc_finish	1040	static
pngrutil.c:2706:1:png_cache_unknown_chunk	16	static
pngrutil.c:793:1:png_handle_IHDR	64	static
pngrutil.c:867:1:png_handle_PLTE	800	static
pngrutil.c:1041:1:png_handle_IEND	16	static
pngrutil.c:1061:1:png_handle_gAMA	24	static
pngrutil.c:1099:1:png_handle_sBIT	32	static
pngrutil.c:1179:1:png_handle_cHRM	104	static
pngrutil.c:1251:1:png_handle_sRGB	24	static
pngrutil.c:1301:1:png_handle_iCCP	1312	static
pngrutil.c:1574:1:png_handle_sPLT	48	static
pngrutil.c:1751:1:png_handle_tRNS	280	static
pngrutil.c:1854:1:png_handle_bKGD	40	static
pngrutil.c:1954:1:png_handle_hIST	544	static
pngrutil.c:2005:1:png_handle_pHYs	40	static
pngrutil.c:2051:1:png_handle_oFFs	40	static
pngrutil.c:2098:1:png_handle_pCAL	104	static
pngrutil.c:2227:1:png_handle_sCAL	40	static
pngrutil.c:2320:1:png_handle_tIME	32	static
pngrutil.c:2366:1:png_handle_tEXt	56	static
pngrutil.c:2447:1:png_handle_zTXt	64	static
pngrutil.c:2556:1:png_handle_iTXt	72	static
pngrutil.c:2765:1:png_handle_unknown	16	static
pngrutil.c:2977:1:png_check_chunk_name	8	static
pngrutil.c:150:1:png_read_chunk_header	24	static
pngrutil.c:3002:1:png_combine_row	32	static
pngrutil.c:3486:1:png_do_read_interlace	64	static
pngrutil.c:3924:1:png_read_filter_row	12	static
pngrutil.c:3942:1:png_read_IDAT_data	1056	static
pngrutil.c:4071:1:png_read_finish_IDAT	16	static
pngrutil.c:4119:1:png_read_finish_row	24	static
pngrutil.c:4184:1:png_read_start_row	16	static
