pngrtran.c:2845:1:png_do_gray_to_rgb	12	static
pngrtran.c:4345:1:png_do_expand	36	static
pngrtran.c:98:1:png_rtran_ok	8	static
pngrtran.c:250:1:convert_gamma_value	8	static
pngrtran.c:25:1:png_set_crc_action	16	static
pngrtran.c:125:1:png_set_background_fixed	40	static
pngrtran.c:155:1:png_set_background	32	static
pngrtran.c:171:1:png_set_scale_16	8	static
pngrtran.c:185:1:png_set_strip_16	8	static
pngrtran.c:198:1:png_set_strip_alpha	8	static
pngrtran.c:275:1:png_set_alpha_mode_fixed	16	static
pngrtran.c:385:1:png_set_alpha_mode	16	static
pngrtran.c:413:1:png_set_quantize	80	static
pngrtran.c:801:1:png_set_gamma_fixed	16	static
pngrtran.c:841:1:png_set_gamma	24	static
pngrtran.c:897:1:png_set_expand_gray_1_2_4_to_8	8	static
pngrtran.c:909:1:png_set_tRNS_to_alpha	8	static
pngrtran.c:885:1:png_set_palette_to_rgb	0	static
pngrtran.c:855:1:png_set_expand	0	static
pngrtran.c:925:1:png_set_expand_16	8	static
pngrtran.c:938:1:png_set_gray_to_rgb	8	static
pngrtran.c:953:1:png_set_rgb_to_gray_fixed	24	static
pngrtran.c:1043:1:png_set_rgb_to_gray	24	static
pngrtran.c:1057:1:png_set_read_user_transform_fn	0	static
pngrtran.c:1275:1:png_init_read_transformations	64	static
pngrtran.c:1924:1:png_read_transform_info	16	static
pngrtran.c:4701:1:png_do_read_transformations	64	static
