pngset.c:1076:1:check_location	8	static
pngset.c:25:1:png_set_bKGD	0	static
pngset.c:40:1:png_set_cHRM_fixed	48	static
pngset.c:69:1:png_set_cHRM_XYZ_fixed	56	static
pngset.c:102:1:png_set_cHRM	128	static
pngset.c:118:1:png_set_cHRM_XYZ	144	static
pngset.c:139:1:png_set_gAMA_fixed	16	static
pngset.c:153:1:png_set_gAMA	16	static
pngset.c:163:1:png_set_hIST	16	static
pngset.c:206:1:png_set_IHDR	40	static
pngset.c:247:1:png_set_oFFs	0	static
pngset.c:264:1:png_set_pCAL	56	static
pngset.c:365:1:png_set_sCAL_s	32	static
pngset.c:430:1:png_set_sCAL	80	static
pngset.c:460:1:png_set_sCAL_fixed	72	static
pngset.c:489:1:png_set_pHYs	0	static
pngset.c:505:1:png_set_PLTE	24	static
pngset.c:565:1:png_set_sBIT	0	static
pngset.c:580:1:png_set_sRGB	16	static
pngset.c:592:1:png_set_sRGB_gAMA_and_cHRM	16	static
pngset.c:615:1:png_set_iCCP	40	static
pngset.c:699:1:png_set_text_2	72	static
pngset.c:688:1:png_set_text	8	static
pngset.c:892:1:png_set_tIME	4	static
pngset.c:917:1:png_set_tRNS	24	static
pngset.c:977:1:png_set_sPLT	48	static
pngset.c:1113:1:png_set_unknown_chunks	48	static
pngset.c:1209:1:png_set_unknown_chunk_location	24	static
pngset.c:1240:1:png_permit_mng_features	0	static
pngset.c:1282:1:png_set_keep_unknown_chunks	40	static
pngset.c:1437:1:png_set_read_user_chunk_fn	0	static
pngset.c:1452:1:png_set_rows	16	static
pngset.c:1472:1:png_set_compression_buffer_size	8	static
pngset.c:1525:1:png_set_invalid	0	static
pngset.c:1535:1:png_set_user_limits	0	static
pngset.c:1551:1:png_set_chunk_cache_max	0	static
pngset.c:1559:1:png_set_chunk_malloc_max	0	static
pngset.c:1570:1:png_set_benign_errors	0	static
pngset.c:1600:1:png_set_check_for_invalid_index	0	static
