pngtrans.c:21:1:png_set_bgr	0	static
pngtrans.c:35:1:png_set_swap	0	static
pngtrans.c:50:1:png_set_packing	0	static
pngtrans.c:70:1:png_set_packswap	0	static
pngtrans.c:84:1:png_set_shift	0	static
pngtrans.c:99:1:png_set_interlace_handling	0	static
pngtrans.c:120:1:png_set_filler	4	static
pngtrans.c:204:1:png_set_add_alpha	8	static
pngtrans.c:222:1:png_set_swap_alpha	0	static
pngtrans.c:236:1:png_set_invert_alpha	0	static
pngtrans.c:249:1:png_set_invert_mono	0	static
pngtrans.c:261:1:png_do_invert	0	static
pngtrans.c:318:1:png_do_swap	8	static
pngtrans.c:454:1:png_do_packswap	0	static
pngtrans.c:494:1:png_do_strip_channel	12	static
pngtrans.c:604:1:png_do_bgr	8	static
pngtrans.c:684:1:png_do_check_palette_indexes	12	static
pngtrans.c:787:1:png_set_user_transform_info	8	static
pngtrans.c:818:1:png_get_user_transform_ptr	0	static
pngtrans.c:829:1:png_get_current_row_number	0	static
pngtrans.c:841:1:png_get_current_pass_number	0	static
